$ kubectl get all -n rac -o wide
NAME             READY   STATUS    RESTARTS   AGE    IP            NODE            NOMINATED NODE   READINESS GATES
pod/racnode1-0   1/1     Running   0          100m   10.244.1.41   qck-ocne19-w1   <none>           <none>
pod/racnode2-0   1/1     Running   0          100m   10.244.2.23   qck-ocne19-w2   <none>           <none>

NAME                        TYPE        CLUSTER-IP     EXTERNAL-IP   PORT(S)          AGE    SELECTOR
service/racnode-scan        ClusterIP   None           <none>        <none>           100m   cluster=racnode-scan
service/racnode-scan-lsnr   NodePort    10.108.80.69   <none>        1521:31521/TCP   100m   statefulset.kubernetes.io/pod-name=racnode1-0
service/racnode1-0          ClusterIP   None           <none>        <none>           100m   statefulset.kubernetes.io/pod-name=racnode1-0
service/racnode1-0-vip      ClusterIP   None           <none>        <none>           100m   statefulset.kubernetes.io/pod-name=racnode1-0
service/racnode2-0          ClusterIP   None           <none>        <none>           100m   statefulset.kubernetes.io/pod-name=racnode2-0
service/racnode2-0-vip      ClusterIP   None           <none>        <none>           100m   statefulset.kubernetes.io/pod-name=racnode2-0

NAME                        READY   AGE    CONTAINERS   IMAGES
statefulset.apps/racnode1   1/1     100m   racnode1-0   phx.ocir.io/intsanjaysingh/db-repo/oracle/database-rac:19.3.0-slim
statefulset.apps/racnode2   1/1     100m   racnode2-0   phx.ocir.io/intsanjaysingh/db-repo/oracle/database-rac:19.3.0-slim




$ kubectl describe racdatabases.database.oracle.com/racdbprov-sample -n rac
Name:         racdbprov-sample
Namespace:    rac
Labels:       <none>
Annotations:  racdatabases.database.oracle.com/old-spec:
                {"instanceDetails":{"nodeCount":2,"racHostSwLocation":"/scratch/rac/cluster01","racNodeName":"racnode","baseOnsTargetPort":0,"baseLsnrTarg...
API Version:  database.oracle.com/v4
Kind:         RacDatabase
Metadata:
  Creation Timestamp:  2025-12-18T02:43:00Z
  Finalizers:
    database.oracle.com/racdatabasefinalizer
  Generation:        1
  Resource Version:  291437
  UID:               722c83bc-2dae-4943-a0c5-e5bd8c3f7501
Spec:
  Asm Disk Group Details:
    Disks:
      /dev/disk/by-partlabel/qck-ocne19-asmdisk1
      /dev/disk/by-partlabel/qck-ocne19-asmdisk2
    Name:        CRSDATA
    Redundancy:  EXTERNAL
    Type:        CRSDG
    Disks:
      /dev/disk/by-partlabel/qck-ocne19-asmdisk3
      /dev/disk/by-partlabel/qck-ocne19-asmdisk4
    Name:        DATA
    Redundancy:  EXTERNAL
    Type:        DBDATAFILESDG
    Disks:
      /dev/disk/by-partlabel/qck-ocne19-asmdisk5
      /dev/disk/by-partlabel/qck-ocne19-asmdisk6
    Name:        RECO
    Redundancy:  EXTERNAL
    Type:        DBRECOVERY
    Disks:
      /dev/disk/by-partlabel/qck-ocne19-asmdisk7
      /dev/disk/by-partlabel/qck-ocne19-asmdisk8
    Name:        REDO
    Redundancy:  EXTERNAL
    Type:        DBREDO
    Disks:
      /dev/disk/by-partlabel/qck-ocne19-asmdisk9
      /dev/disk/by-partlabel/qck-ocne19-asmdisk10
    Name:        OTHERDG
    Type:        OTHERS
  Config Params:
    Cpu Count:               8
    Db Base:                 /u01/app/oracle
    Db Home:                 /u01/app/oracle/product/19c/dbhome_1
    Db Name:                 PORCLCDB
    Db Sw Zip File:          db_home.zip
    Grid Base:               /u01/app/grid
    Grid Home:               /u01/app/19c/grid
    Grid Sw Zip File:        grid_home.zip
    Host Sw Stage Location:  /scratch/software/stage/19c/19.28GoldImageSoftware
    Inventory:               /u01/app/oraInventory
    Pga Size:                6G
    Processes:               2000
    Sga Size:                20G
    Sw Mount Location:       /u01
  Db Secret:
    Key File Mount Location:  /mnt/.dbsecrets
    Key File Name:            key.pem
    Name:                     db-user-pass
    Pwd File Mount Location:  /mnt/.dbsecrets
    Pwd File Name:            pwdfile.enc
  Env Vars:
    Name:             IGNORE_CRS_PREREQS
    Value:            true
    Name:             IGNORE_DB_PREREQS
    Value:            true
  Image:              phx.ocir.io/intsanjaysingh/db-repo/oracle/database-rac:19.3.0-slim
  Image Pull Policy:  Always
  Instance Details:
    Base Lsnr Target Port:  0
    Base Ons Target Port:   0
    Node Count:             2
    Private IP Details:
      Interface:           ens1
      Name:                macvlan-conf1
      Interface:           ens2
      Name:                macvlan-conf2
    Rac Host Sw Location:  /scratch/rac/cluster01
    Rac Node Name:         racnode
    Worker Node Selector:
      Raccluster:  raccluster01
  Resources:
    Limits:
      Cpu:     12
      Memory:  36Gi
    Requests:
      Cpu:               12
      Memory:            36Gi
  Scan Svc Name:         racnode-scan
  Scan Svc Target Port:  31521
  Security Context:
    Sysctls:
      Name:   kernel.shmall
      Value:  8388608
      Name:   kernel.sem
      Value:  250 32000 100 128
      Name:   kernel.shmmax
      Value:  34359738368
      Name:   kernel.shmmni
      Value:  4096
      Name:   net.ipv4.conf.all.rp_filter
      Value:  2
  Service Details:
    Name:  soepdb
  Ssh Key Secret:
    Key Mount Location:    /mnt/.ssh
    Name:                  ssh-key-secret
    Priv Key Secret Name:  ssh-privkey
    Pub Key Secret Name:   ssh-pubkey
  Tde Wallet Secret:
    Key File Mount Location:  /mnt/.tdesecrets
    Key File Name:            key.pem
    Name:                     db-user-pass
    Pwd File Mount Location:  /mnt/.tdesecrets
    Pwd File Name:            pwdfile.enc
Status:
  Asm Disk Groups:
    Disks:
      Name:        /dev/disk/by-partlabel/qck-ocne19-asmdisk1
      Size In Gb:  49
      Valid:       true
      Name:        /dev/disk/by-partlabel/qck-ocne19-asmdisk2
      Size In Gb:  49
      Valid:       true
      Name:        /dev/disk/by-partlabel/qck-ocne19-asmdisk3
      Name:        /dev/disk/by-partlabel/qck-ocne19-asmdisk4
      Name:        /dev/disk/by-partlabel/qck-ocne19-asmdisk5
      Name:        /dev/disk/by-partlabel/qck-ocne19-asmdisk6
      Name:        /dev/disk/by-partlabel/qck-ocne19-asmdisk7
      Name:        /dev/disk/by-partlabel/qck-ocne19-asmdisk8
    Name:          CRSDATA
    Redundancy:    EXTERN
    Type:          CRSDG
    Disks:
      Name:        /dev/disk/by-partlabel/qck-ocne19-asmdisk1
      Size In Gb:  49
      Valid:       true
      Name:        /dev/disk/by-partlabel/qck-ocne19-asmdisk2
      Size In Gb:  49
      Valid:       true
      Name:        /dev/disk/by-partlabel/qck-ocne19-asmdisk3
      Name:        /dev/disk/by-partlabel/qck-ocne19-asmdisk4
      Name:        /dev/disk/by-partlabel/qck-ocne19-asmdisk5
      Name:        /dev/disk/by-partlabel/qck-ocne19-asmdisk6
      Name:        /dev/disk/by-partlabel/qck-ocne19-asmdisk7
      Name:        /dev/disk/by-partlabel/qck-ocne19-asmdisk8
    Name:          REDO
    Redundancy:    EXTERN
    Type:          DBREDO
    Disks:
      Name:        /dev/disk/by-partlabel/qck-ocne19-asmdisk1
      Size In Gb:  49
      Valid:       true
      Name:        /dev/disk/by-partlabel/qck-ocne19-asmdisk2
      Size In Gb:  49
      Valid:       true
      Name:        /dev/disk/by-partlabel/qck-ocne19-asmdisk3
      Name:        /dev/disk/by-partlabel/qck-ocne19-asmdisk4
      Name:        /dev/disk/by-partlabel/qck-ocne19-asmdisk5
      Name:        /dev/disk/by-partlabel/qck-ocne19-asmdisk6
      Name:        /dev/disk/by-partlabel/qck-ocne19-asmdisk7
      Name:        /dev/disk/by-partlabel/qck-ocne19-asmdisk8
    Name:          RECO
    Redundancy:    EXTERN
    Type:          DBRECOVERY
    Disks:
      Name:        /dev/disk/by-partlabel/qck-ocne19-asmdisk1
      Size In Gb:  49
      Valid:       true
      Name:        /dev/disk/by-partlabel/qck-ocne19-asmdisk2
      Size In Gb:  49
      Valid:       true
      Name:        /dev/disk/by-partlabel/qck-ocne19-asmdisk3
      Name:        /dev/disk/by-partlabel/qck-ocne19-asmdisk4
      Name:        /dev/disk/by-partlabel/qck-ocne19-asmdisk5
      Name:        /dev/disk/by-partlabel/qck-ocne19-asmdisk6
      Name:        /dev/disk/by-partlabel/qck-ocne19-asmdisk7
      Name:        /dev/disk/by-partlabel/qck-ocne19-asmdisk8
    Name:          DATA
    Redundancy:    EXTERN
    Type:          DBDATAFILESDG
    Disks:
      Name:        /dev/disk/by-partlabel/qck-ocne19-asmdisk9
      Size In Gb:  49
      Valid:       true
      Name:        /dev/disk/by-partlabel/qck-ocne19-asmdisk10
      Size In Gb:  49
      Valid:       true
    Name:          OTHERDG
    Type:          OTHERS
  Client Etc Host:
    10.0.1.34    racnode1-0.rac.svc.cluster.local racnode1-0-vip.rac.svc.cluster.local    racnode-scan.rac.svc.cluster.local
    10.0.1.214    racnode2-0.rac.svc.cluster.local racnode2-0-vip.rac.svc.cluster.local    racnode-scan.rac.svc.cluster.local
  Conditions:
    Last Transition Time:  2025-12-18T04:31:31Z
    Message:               required disk is part of the disk group CRSDATA and cannot be removed. Review it manually
    Observed Generation:   1
    Reason:                LastReconcileCycleQueued
    Status:                True
    Type:                  ReconcileQueued
  Config Params:
    Db Base:       /u01/app/oracle
    Db Home:       /u01/app/oracle/product/19c/dbhome_1
    Db Name:       PORCLCDB
    Grid Base:     /u01/app/grid
    Grid Home:     /u01/app/19c/grid
    Inventory:     /u01/app/oraInventory
  Connect String:  racnode-scan:1521/PORCLCDB
  Db Secret:
    Key File Mount Location:  /mnt/.dbsecrets
    Key File Name:            key.pem
    Name:                     db-user-pass
    Pwd File Mount Location:  /mnt/.dbsecrets
    Pwd File Name:            pwdfile.enc
  Db State:                   OPEN
  External Connect String:    racnode-scan.rac.svc.cluster.local:31521/soepdb
  Pdb Connect String:         racnode-scan:1521/soepdb
  Rac Nodes:
    Name:  racnode1-0
    Node Details:
      Instance State:  NOTAVAILABLE
      Pod State:       PODAVAILABLE
      Cluster State:   HEALTHY
      Mounted Devices:
        /dev/disk/by-partlabel/qck-ocne19-asmdisk1
        /dev/disk/by-partlabel/qck-ocne19-asmdisk2
        /dev/disk/by-partlabel/qck-ocne19-asmdisk3
        /dev/disk/by-partlabel/qck-ocne19-asmdisk4
        /dev/disk/by-partlabel/qck-ocne19-asmdisk5
        /dev/disk/by-partlabel/qck-ocne19-asmdisk6
        /dev/disk/by-partlabel/qck-ocne19-asmdisk7
        /dev/disk/by-partlabel/qck-ocne19-asmdisk8
        /dev/disk/by-partlabel/qck-ocne19-asmdisk9
        /dev/disk/by-partlabel/qck-ocne19-asmdisk10
      State:  PENDING
      Vip Details:
        Name:  racnode1-0-vip
    Name:      racnode2-0
    Node Details:
      Instance State:  NOTAVAILABLE
      Pod State:       PODAVAILABLE
      Cluster State:   HEALTHY
      Mounted Devices:
        /dev/disk/by-partlabel/qck-ocne19-asmdisk1
        /dev/disk/by-partlabel/qck-ocne19-asmdisk2
        /dev/disk/by-partlabel/qck-ocne19-asmdisk3
        /dev/disk/by-partlabel/qck-ocne19-asmdisk4
        /dev/disk/by-partlabel/qck-ocne19-asmdisk5
        /dev/disk/by-partlabel/qck-ocne19-asmdisk6
        /dev/disk/by-partlabel/qck-ocne19-asmdisk7
        /dev/disk/by-partlabel/qck-ocne19-asmdisk8
        /dev/disk/by-partlabel/qck-ocne19-asmdisk9
        /dev/disk/by-partlabel/qck-ocne19-asmdisk10
      State:  PENDING
      Vip Details:
        Name:      racnode2-0-vip
  Release Update:  19.28.0.0.0
  Role:            PRIMARY
  Scan Svc Name:   racnode-scan
  Service Details:
    Name:       soepdb
    Svc State:  service soepdb is running on instance(s) porclcdb1,porclcdb2
  State:        FAILED
Events:         <none>



- Diskgroup details:

[grid@racnode1-0 ~]$ ls -rlt /dev/disk/by-partlabel/qck-ocne19-asmdisk*
brw-rw-rw-. 1 root disk     8,  49 Dec 18 02:43 /dev/disk/by-partlabel/qck-ocne19-asmdisk9
brw-rw-rw-. 1 root disk     8, 161 Dec 18 02:43 /dev/disk/by-partlabel/qck-ocne19-asmdisk10
brw-rw----. 1 grid asmadmin 8,  65 Dec 18 02:56 /dev/disk/by-partlabel/qck-ocne19-asmdisk2
brw-rw----. 1 grid asmadmin 8,  33 Dec 18 03:28 /dev/disk/by-partlabel/qck-ocne19-asmdisk6
brw-rw----. 1 grid asmadmin 8,  81 Dec 18 04:38 /dev/disk/by-partlabel/qck-ocne19-asmdisk4
brw-rw----. 1 grid asmadmin 8, 145 Dec 18 04:38 /dev/disk/by-partlabel/qck-ocne19-asmdisk7
brw-rw----. 1 grid asmadmin 8, 129 Dec 18 04:38 /dev/disk/by-partlabel/qck-ocne19-asmdisk5
brw-rw----. 1 grid asmadmin 8, 113 Dec 18 04:38 /dev/disk/by-partlabel/qck-ocne19-asmdisk3
brw-rw----. 1 grid asmadmin 8,  17 Dec 18 04:38 /dev/disk/by-partlabel/qck-ocne19-asmdisk8
brw-rw----. 1 grid asmadmin 8,  97 Dec 18 04:38 /dev/disk/by-partlabel/qck-ocne19-asmdisk1
[grid@racnode1-0 ~]$
[grid@racnode1-0 ~]$ export ORACLE_SID=+ASM1
[grid@racnode1-0 ~]$ asmcmd lsdg
State    Type    Rebal  Sector  Logical_Sector  Block       AU  Total_MB  Free_MB  Req_mir_free_MB  Usable_file_MB  Offline_disks  Voting_files  Name
MOUNTED  EXTERN  N         512             512   4096  4194304    102392   102040                0          102040              0             Y  CRSDATA/
MOUNTED  EXTERN  N         512             512   4096  1048576    102396    95844                0           95844              0             N  DATA/
MOUNTED  EXTERN  N         512             512   4096  1048576    102396   102264                0          102264              0             N  RECO/
MOUNTED  EXTERN  N         512             512   4096  1048576    102396    98156                0           98156              0             N  REDO/
[grid@racnode1-0 ~]$
[grid@racnode1-0 ~]$ asmcmd lsdsk
Path
/dev/disk/by-partlabel/qck-ocne19-asmdisk1
/dev/disk/by-partlabel/qck-ocne19-asmdisk2
/dev/disk/by-partlabel/qck-ocne19-asmdisk3
/dev/disk/by-partlabel/qck-ocne19-asmdisk4
/dev/disk/by-partlabel/qck-ocne19-asmdisk5
/dev/disk/by-partlabel/qck-ocne19-asmdisk6
/dev/disk/by-partlabel/qck-ocne19-asmdisk7
/dev/disk/by-partlabel/qck-ocne19-asmdisk8
[grid@racnode1-0 ~]$
[grid@racnode1-0 ~]$ sqlplus "/ as sysdba"

SQL*Plus: Release 19.0.0.0.0 - Production on Thu Dec 18 04:39:03 2025
Version 19.28.0.0.0

Copyright (c) 1982, 2025, Oracle.  All rights reserved.


Connected to:
Oracle Database 19c Enterprise Edition Release 19.0.0.0.0 - Production
Version 19.28.0.0.0

SQL> set lines 200
SQL> col DISKGROUP_NAME format a20
SQL> col PATH format a50
SQL> set lines 200
col DISKGROUP_NAME format a20
col PATH format a50
SELECT
    dg.NAME AS DISKGROUP_NAME,
    d.PATH,
    d.MOUNT_STATUS,
    d.HEADER_STATUS,
    d.STATE,
    d.TOTAL_MB,
    d.FREE_MB
FROM
    V$ASM_DISK d
JOIN
 SQL>    V$ASM_DISKGROUP dg ON d.GROUP_NUMBER = dg.GROUP_NUMBER
ORDER BY
    dg.NAME, d.DISK_NUMBER;SQL> SQL>   2    3    4    5    6    7    8    9   10   11   12   13   14

DISKGROUP_NAME	     PATH						MOUNT_S HEADER_STATU STATE	TOTAL_MB    FREE_MB
-------------------- -------------------------------------------------- ------- ------------ -------- ---------- ----------
CRSDATA 	     /dev/disk/by-partlabel/qck-ocne19-asmdisk1 	CACHED	MEMBER	     NORMAL	   51196      50996
CRSDATA 	     /dev/disk/by-partlabel/qck-ocne19-asmdisk2 	CACHED	MEMBER	     NORMAL	   51196      51044
DATA		     /dev/disk/by-partlabel/qck-ocne19-asmdisk3 	CACHED	MEMBER	     NORMAL	   51198      47920
DATA		     /dev/disk/by-partlabel/qck-ocne19-asmdisk4 	CACHED	MEMBER	     NORMAL	   51198      47924
RECO		     /dev/disk/by-partlabel/qck-ocne19-asmdisk5 	CACHED	MEMBER	     NORMAL	   51198      51133
RECO		     /dev/disk/by-partlabel/qck-ocne19-asmdisk6 	CACHED	MEMBER	     NORMAL	   51198      51131
REDO		     /dev/disk/by-partlabel/qck-ocne19-asmdisk7 	CACHED	MEMBER	     NORMAL	   51198      49077
REDO		     /dev/disk/by-partlabel/qck-ocne19-asmdisk8 	CACHED	MEMBER	     NORMAL	   51198      49079

8 rows selected.

SQL>
SQL>
SQL>
SQL> exit
Disconnected from Oracle Database 19c Enterprise Edition Release 19.0.0.0.0 - Production
Version 19.28.0.0.0
[grid@racnode1-0 ~]$
[grid@racnode1-0 ~]$ exit
logout
[root@racnode1-0 rac-work-dir]# su - oracle
Last login: Thu Dec 18 04:40:34 UTC 2025 on pts/0
[oracle@racnode1-0 ~]$ export ORACLE_SID=PORCLCDB1
[oracle@racnode1-0 ~]$ sqlplus "/ as sysdba"

SQL*Plus: Release 19.0.0.0.0 - Production on Thu Dec 18 04:40:39 2025
Version 19.28.0.0.0

Copyright (c) 1982, 2025, Oracle.  All rights reserved.


Connected to:
Oracle Database 19c Enterprise Edition Release 19.0.0.0.0 - Production
Version 19.28.0.0.0

SQL> show pdbs

    CON_ID CON_NAME			  OPEN MODE  RESTRICTED
---------- ------------------------------ ---------- ----------
	 2 PDB$SEED			  READ ONLY  NO
	 3 ORCLPDB			  READ WRITE NO
SQL> show parameter DB_CREATE_ONLINE_LOG_DEST_1

NAME				     TYPE	 VALUE
------------------------------------ ----------- ------------------------------
db_create_online_log_dest_1	     string	 +REDO
SQL> show parameter db_create_file_dest

NAME				     TYPE	 VALUE
------------------------------------ ----------- ------------------------------
db_create_file_dest		     string	 +DATA
SQL> show parameter db_recovery_file_dest

NAME				     TYPE	 VALUE
------------------------------------ ----------- ------------------------------
db_recovery_file_dest		     string	 +RECO
db_recovery_file_dest_size	     big integer 23895M
SQL>



[oracle@racnode1-0 ~]$ srvctl status database -d PORCLCDB -v
Instance PORCLCDB1 is running on node racnode1-0 with online services soepdb. Instance status: Open.
Instance PORCLCDB2 is running on node racnode2-0 with online services soepdb. Instance status: Open.
[oracle@racnode1-0 ~]$
[oracle@racnode1-0 ~]$ srvctl config database -d PORCLCDB -v
Database unique name: PORCLCDB
Database name: PORCLCDB
Oracle home: /u01/app/oracle/product/19c/dbhome_1
Oracle user: oracle
Spfile: +DATA/PORCLCDB/PARAMETERFILE/spfile.267.1220153283
Password file: +DATA/PORCLCDB/PASSWORD/pwdporclcdb.256.1220151647
Domain:
Start options: open
Stop options: immediate
Database role: PRIMARY
Management policy: AUTOMATIC
Server pools:
Disk Groups: DATA,REDO
Mount point paths:
Services: soepdb
Type: RAC
Start concurrency:
Stop concurrency:
OSDBA group: dba
OSOPER group:
Database instances: PORCLCDB1,PORCLCDB2
Configured nodes: racnode1-0,racnode2-0
CSS critical: no
CPU count: 0
Memory target: 0
Maximum memory: 0
Default network number for database services:
Database is administrator managed
[oracle@racnode1-0 ~]$
[oracle@racnode1-0 ~]$ srvctl config service -s soepdb -d PORCLCDB
Service name: soepdb
Server pool:
Cardinality: 2
Service role: PRIMARY
Management policy: AUTOMATIC
DTP transaction: false
AQ HA notifications: false
Global: false
Commit Outcome: false
Failover type:
Failover method:
Failover retries:
Failover delay:
Failover restore: NONE
Connection Load Balancing Goal: LONG
Runtime Load Balancing Goal: NONE
TAF policy specification: NONE
Edition:
Pluggable database name: ORCLPDB
Hub service:
Maximum lag time: ANY
SQL Translation Profile:
Retention: 86400 seconds
Replay Initiation Time: 300 seconds
Drain timeout:
Stop option:
Session State Consistency: DYNAMIC
GSM Flags: 0
Service is enabled
Preferred instances: PORCLCDB1,PORCLCDB2
Available instances:
CSS critical: no
Service uses Java: false




[grid@racnode1-0 ~]$ /u01/app/19c/grid/bin/crsctl stat res -t
--------------------------------------------------------------------------------
Name           Target  State        Server                   State details
--------------------------------------------------------------------------------
Local Resources
--------------------------------------------------------------------------------
ora.LISTENER.lsnr
               ONLINE  ONLINE       racnode1-0               STABLE
               ONLINE  ONLINE       racnode2-0               STABLE
ora.chad
               ONLINE  ONLINE       racnode1-0               STABLE
               ONLINE  ONLINE       racnode2-0               STABLE
ora.net1.network
               ONLINE  ONLINE       racnode1-0               STABLE
               ONLINE  ONLINE       racnode2-0               STABLE
ora.ons
               ONLINE  ONLINE       racnode1-0               STABLE
               ONLINE  ONLINE       racnode2-0               STABLE
--------------------------------------------------------------------------------
Cluster Resources
--------------------------------------------------------------------------------
ora.ASMNET1LSNR_ASM.lsnr(ora.asmgroup)
      1        ONLINE  ONLINE       racnode1-0               STABLE
      2        ONLINE  ONLINE       racnode2-0               STABLE
ora.ASMNET2LSNR_ASM.lsnr(ora.asmgroup)
      1        ONLINE  ONLINE       racnode1-0               STABLE
      2        ONLINE  ONLINE       racnode2-0               STABLE
ora.CRSDATA.dg(ora.asmgroup)
      1        ONLINE  ONLINE       racnode1-0               STABLE
      2        ONLINE  ONLINE       racnode2-0               STABLE
ora.DATA.dg(ora.asmgroup)
      1        ONLINE  ONLINE       racnode1-0               STABLE
      2        ONLINE  ONLINE       racnode2-0               STABLE
ora.LISTENER_SCAN1.lsnr
      1        ONLINE  ONLINE       racnode1-0               STABLE
ora.LISTENER_SCAN2.lsnr
      1        ONLINE  ONLINE       racnode2-0               STABLE
ora.RECO.dg(ora.asmgroup)
      1        ONLINE  ONLINE       racnode1-0               STABLE
      2        ONLINE  ONLINE       racnode2-0               STABLE
ora.REDO.dg(ora.asmgroup)
      1        ONLINE  ONLINE       racnode1-0               STABLE
      2        ONLINE  ONLINE       racnode2-0               STABLE
ora.asm(ora.asmgroup)
      1        ONLINE  ONLINE       racnode1-0               Started,STABLE
      2        ONLINE  ONLINE       racnode2-0               Started,STABLE
ora.asmnet1.asmnetwork(ora.asmgroup)
      1        ONLINE  ONLINE       racnode1-0               STABLE
      2        ONLINE  ONLINE       racnode2-0               STABLE
ora.asmnet2.asmnetwork(ora.asmgroup)
      1        ONLINE  ONLINE       racnode1-0               STABLE
      2        ONLINE  ONLINE       racnode2-0               STABLE
ora.cvu
      1        ONLINE  ONLINE       racnode1-0               STABLE
ora.porclcdb.db
      1        ONLINE  ONLINE       racnode1-0               Open,HOME=/u01/app/o
                                                             racle/product/19c/db
                                                             home_1,STABLE
      2        ONLINE  ONLINE       racnode2-0               Open,HOME=/u01/app/o
                                                             racle/product/19c/db
                                                             home_1,STABLE
ora.porclcdb.soepdb.svc
      1        ONLINE  ONLINE       racnode1-0               STABLE
      2        ONLINE  ONLINE       racnode2-0               STABLE
ora.qosmserver
      1        ONLINE  ONLINE       racnode1-0               STABLE
ora.racnode1-0.vip
      1        ONLINE  ONLINE       racnode1-0               STABLE
ora.racnode2-0.vip
      1        ONLINE  ONLINE       racnode2-0               STABLE
ora.scan1.vip
      1        ONLINE  ONLINE       racnode1-0               STABLE
ora.scan2.vip
      1        ONLINE  ONLINE       racnode2-0               STABLE
--------------------------------------------------------------------------------



$ kubectl get Network-Attachment-Definition -n rac
NAME            AGE
macvlan-conf1   26h
macvlan-conf2   26h
$
$ kubectl describe Network-Attachment-Definition macvlan-conf1 -n rac
Name:         macvlan-conf1
Namespace:    rac
Labels:       <none>
Annotations:  <none>
API Version:  k8s.cni.cncf.io/v1
Kind:         NetworkAttachmentDefinition
Metadata:
  Creation Timestamp:  2025-12-17T02:27:05Z
  Generation:          1
  Resource Version:    71975
  UID:                 2e11f7f8-ef28-4538-9f9f-af93602a7565
Spec:
  Config:  { "cniVersion": "0.3.0", "type": "macvlan", "master": "ens5", "mode": "bridge", "ipam": { "type": "host-local", "subnet": "10.0.10.0/24", "rangeStart": "10.0.10.120", "rangeEnd": "10.0.10.130" } }
Events:    <none>
$
$ kubectl describe Network-Attachment-Definition macvlan-conf2 -n rac
Name:         macvlan-conf2
Namespace:    rac
Labels:       <none>
Annotations:  <none>
API Version:  k8s.cni.cncf.io/v1
Kind:         NetworkAttachmentDefinition
Metadata:
  Creation Timestamp:  2025-12-17T02:27:05Z
  Generation:          1
  Resource Version:    71976
  UID:                 ca739912-4ed9-40eb-8d71-db621a5048b5
Spec:
  Config:  { "cniVersion": "0.3.0", "type": "macvlan", "master": "ens6", "mode": "bridge", "ipam": { "type": "host-local", "subnet": "10.0.11.0/24", "rangeStart": "10.0.11.120", "rangeEnd": "10.0.11.130" } }
Events:    <none>



[root@racnode1-0 rac-work-dir]# ifconfig -a
ens1: flags=4163<UP,BROADCAST,RUNNING,MULTICAST>  mtu 1500
        inet 10.0.10.120  netmask 255.255.255.0  broadcast 10.0.10.255
        inet6 fe80::e0e3:e4ff:fe16:390f  prefixlen 64  scopeid 0x20<link>
        ether e2:e3:e4:16:39:0f  txqueuelen 0  (Ethernet)
        RX packets 432274  bytes 726957203 (693.2 MiB)
        RX errors 0  dropped 0  overruns 0  frame 0
        TX packets 434861  bytes 448584572 (427.8 MiB)
        TX errors 0  dropped 0 overruns 0  carrier 0  collisions 0

ens2: flags=4163<UP,BROADCAST,RUNNING,MULTICAST>  mtu 1500
        inet 10.0.11.120  netmask 255.255.255.0  broadcast 10.0.11.255
        inet6 fe80::ce2:25ff:fe9e:ec5b  prefixlen 64  scopeid 0x20<link>
        ether 0e:e2:25:9e:ec:5b  txqueuelen 0  (Ethernet)
        RX packets 207360  bytes 156050206 (148.8 MiB)
        RX errors 0  dropped 0  overruns 0  frame 0
        TX packets 206346  bytes 154129394 (146.9 MiB)
        TX errors 0  dropped 0 overruns 0  carrier 0  collisions 0

eth0: flags=4163<UP,BROADCAST,RUNNING,MULTICAST>  mtu 8950
        inet 10.244.1.41  netmask 255.255.255.0  broadcast 10.244.1.255
        inet6 fe80::4c84:dcff:fe75:a2ba  prefixlen 64  scopeid 0x20<link>
        ether 4e:84:dc:75:a2:ba  txqueuelen 0  (Ethernet)
        RX packets 67787  bytes 236039420 (225.1 MiB)
        RX errors 0  dropped 0  overruns 0  frame 0
        TX packets 62166  bytes 135722294 (129.4 MiB)
        TX errors 0  dropped 0 overruns 0  carrier 0  collisions 0

lo: flags=73<UP,LOOPBACK,RUNNING>  mtu 65536
        inet 127.0.0.1  netmask 255.0.0.0
        inet6 ::1  prefixlen 128  scopeid 0x10<host>
        loop  txqueuelen 1000  (Local Loopback)
        RX packets 147876  bytes 490515192 (467.7 MiB)
        RX errors 0  dropped 0  overruns 0  frame 0
        TX packets 147876  bytes 490515192 (467.7 MiB)
        TX errors 0  dropped 0 overruns 0  carrier 0  collisions 0



[root@racnode2-0 rac-work-dir]# ifconfig -a
ens1: flags=4163<UP,BROADCAST,RUNNING,MULTICAST>  mtu 1500
        inet 10.0.10.121  netmask 255.255.255.0  broadcast 10.0.10.255
        inet6 fe80::94ec:79ff:fe38:6d2e  prefixlen 64  scopeid 0x20<link>
        ether 96:ec:79:38:6d:2e  txqueuelen 0  (Ethernet)
        RX packets 436859  bytes 450408581 (429.5 MiB)
        RX errors 0  dropped 0  overruns 0  frame 0
        TX packets 426376  bytes 728523881 (694.7 MiB)
        TX errors 0  dropped 0 overruns 0  carrier 0  collisions 0

ens2: flags=4163<UP,BROADCAST,RUNNING,MULTICAST>  mtu 1500
        inet 10.0.11.121  netmask 255.255.255.0  broadcast 10.0.11.255
        inet6 fe80::2061:a8ff:feb5:30d2  prefixlen 64  scopeid 0x20<link>
        ether 22:61:a8:b5:30:d2  txqueuelen 0  (Ethernet)
        RX packets 206513  bytes 154385744 (147.2 MiB)
        RX errors 0  dropped 0  overruns 0  frame 0
        TX packets 207811  bytes 156384642 (149.1 MiB)
        TX errors 0  dropped 0 overruns 0  carrier 0  collisions 0

eth0: flags=4163<UP,BROADCAST,RUNNING,MULTICAST>  mtu 8950
        inet 10.244.2.23  netmask 255.255.255.0  broadcast 10.244.2.255
        inet6 fe80::f8ec:9aff:fe8d:70f4  prefixlen 64  scopeid 0x20<link>
        ether fa:ec:9a:8d:70:f4  txqueuelen 0  (Ethernet)
        RX packets 66375  bytes 325399942 (310.3 MiB)
        RX errors 0  dropped 0  overruns 0  frame 0
        TX packets 57150  bytes 45554184 (43.4 MiB)
        TX errors 0  dropped 0 overruns 0  carrier 0  collisions 0

lo: flags=73<UP,LOOPBACK,RUNNING>  mtu 65536
        inet 127.0.0.1  netmask 255.0.0.0
        inet6 ::1  prefixlen 128  scopeid 0x10<host>
        loop  txqueuelen 1000  (Local Loopback)
        RX packets 83130  bytes 25938105 (24.7 MiB)
        RX errors 0  dropped 0  overruns 0  frame 0
        TX packets 83130  bytes 25938105 (24.7 MiB)
        TX errors 0  dropped 0 overruns 0  carrier 0  collisions 0