### Details of the racdbprov-sample before the disk deletion

$ kubectl get all -n rac -o wide
NAME             READY   STATUS    RESTARTS   AGE   IP            NODE            NOMINATED NODE   READINESS GATES
pod/racnode1-0   1/1     Running   0          85m   10.244.1.90   qck-ocne19-w1   <none>           <none>
pod/racnode2-0   1/1     Running   0          85m   10.244.2.75   qck-ocne19-w2   <none>           <none>

NAME                        TYPE        CLUSTER-IP       EXTERNAL-IP   PORT(S)           AGE   SELECTOR
service/racnode-scan        ClusterIP   None             <none>        <none>            86m   cluster=racnode-scan
service/racnode-scan-lsnr   NodePort    10.103.156.120   <none>        1521:31521/TCP    86m   statefulset.kubernetes.io/pod-name=racnode1-0
service/racnode1-0          ClusterIP   None             <none>        <none>            86m   statefulset.kubernetes.io/pod-name=racnode1-0
service/racnode1-0-lsnr     NodePort    10.99.18.179     <none>        31522:31522/TCP   86m   statefulset.kubernetes.io/pod-name=racnode1-0
service/racnode1-0-ons      NodePort    10.103.170.13    <none>        6200:30200/TCP    86m   statefulset.kubernetes.io/pod-name=racnode1-0
service/racnode1-0-vip      ClusterIP   None             <none>        <none>            86m   statefulset.kubernetes.io/pod-name=racnode1-0
service/racnode2-0          ClusterIP   None             <none>        <none>            86m   statefulset.kubernetes.io/pod-name=racnode2-0
service/racnode2-0-lsnr     NodePort    10.102.53.11     <none>        31523:31523/TCP   86m   statefulset.kubernetes.io/pod-name=racnode2-0
service/racnode2-0-ons      NodePort    10.107.72.0      <none>        6200:30201/TCP    86m   statefulset.kubernetes.io/pod-name=racnode2-0
service/racnode2-0-vip      ClusterIP   None             <none>        <none>            86m   statefulset.kubernetes.io/pod-name=racnode2-0

NAME                        READY   AGE   CONTAINERS   IMAGES
statefulset.apps/racnode1   1/1     85m   racnode1-0   phx.ocir.io/intsanjaysingh/db-repo/oracle/database-rac:19.3.0-slim
statefulset.apps/racnode2   1/1     85m   racnode2-0   phx.ocir.io/intsanjaysingh/db-repo/oracle/database-rac:19.3.0-slim



$ kubectl describe racdatabases.database.oracle.com/racdbprov-sample -n rac
Name:         racdbprov-sample
Namespace:    rac
Labels:       <none>
Annotations:  racdatabases.database.oracle.com/old-spec:
                {"instanceDetails":{"nodeCount":2,"racHostSwLocation":"/scratch/rac/cluster01","racNodeName":"racnode","baseOnsTargetPort":30200,"baseLsnr...
API Version:  database.oracle.com/v4
Kind:         RacDatabase
Metadata:
  Creation Timestamp:  2025-12-22T04:08:10Z
  Finalizers:
    database.oracle.com/racdatabasefinalizer
  Generation:        1
  Resource Version:  1089726
  UID:               dd9ed5a7-8b91-4e32-a229-37531a03de19
Spec:
  Asm Disk Group Details:
    Disks:
      /dev/disk/by-partlabel/qck-ocne19-asmdisk1
      /dev/disk/by-partlabel/qck-ocne19-asmdisk2
    Name:        DATA
    Redundancy:  EXTERNAL
    Type:        CRSDG
  Config Params:
    Cpu Count:               8
    Db Base:                 /u01/app/oracle
    Db Home:                 /u01/app/oracle/product/19c/dbhome_1
    Db Name:                 PORCLCDB
    Db Sw Zip File:          db_home.zip
    Grid Base:               /u01/app/grid
    Grid Home:               /u01/app/19c/grid
    Grid Sw Zip File:        grid_home.zip
    Host Sw Stage Location:  /scratch/software/stage/19c/19.28GoldImageSoftware
    Inventory:               /u01/app/oraInventory
    Pga Size:                6G
    Processes:               2000
    Sga Size:                20G
    Sw Mount Location:       /u01
  Db Secret:
    Key File Mount Location:  /mnt/.dbsecrets
    Key File Name:            key.pem
    Name:                     db-user-pass
    Pwd File Mount Location:  /mnt/.dbsecrets
    Pwd File Name:            pwdfile.enc
  Env Vars:
    Name:             IGNORE_CRS_PREREQS
    Value:            true
    Name:             IGNORE_DB_PREREQS
    Value:            true
  Image:              phx.ocir.io/intsanjaysingh/db-repo/oracle/database-rac:19.3.0-slim
  Image Pull Policy:  Always
  Instance Details:
    Base Lsnr Target Port:  31522
    Base Ons Target Port:   30200
    Node Count:             2
    Private IP Details:
      Interface:           ens1
      Name:                macvlan-conf1
      Interface:           ens2
      Name:                macvlan-conf2
    Rac Host Sw Location:  /scratch/rac/cluster01
    Rac Node Name:         racnode
    Worker Node Selector:
      Raccluster:  raccluster01
  Resources:
    Limits:
      Cpu:     12
      Memory:  36Gi
    Requests:
      Cpu:               12
      Memory:            36Gi
  Scan Svc Name:         racnode-scan
  Scan Svc Target Port:  31521
  Security Context:
    Sysctls:
      Name:   kernel.shmall
      Value:  8388608
      Name:   kernel.sem
      Value:  250 32000 100 128
      Name:   kernel.shmmax
      Value:  34359738368
      Name:   kernel.shmmni
      Value:  4096
      Name:   net.ipv4.conf.all.rp_filter
      Value:  2
  Service Details:
    Name:  soepdb
  Ssh Key Secret:
    Key Mount Location:    /mnt/.ssh
    Name:                  ssh-key-secret
    Priv Key Secret Name:  ssh-privkey
    Pub Key Secret Name:   ssh-pubkey
  Tde Wallet Secret:
    Key File Mount Location:  /mnt/.tdesecrets
    Key File Name:            key.pem
    Name:                     db-user-pass
    Pwd File Mount Location:  /mnt/.tdesecrets
    Pwd File Name:            pwdfile.enc
Status:
  Asm Disk Groups:
    Disks:
      Name:        /dev/disk/by-partlabel/qck-ocne19-asmdisk1
      Size In Gb:  49
      Valid:       true
      Name:        /dev/disk/by-partlabel/qck-ocne19-asmdisk2
      Size In Gb:  49
      Valid:       true
    Name:          DATA
    Redundancy:    EXTERN
    Type:          CRSDG
  Client Etc Host:
    10.0.1.34    racnode1-0.rac.svc.cluster.local racnode1-0-vip.rac.svc.cluster.local    racnode-scan.rac.svc.cluster.local
    10.0.1.214    racnode2-0.rac.svc.cluster.local racnode2-0-vip.rac.svc.cluster.local    racnode-scan.rac.svc.cluster.local
  Conditions:
    Last Transition Time:  2025-12-22T05:26:05Z
    Message:               no reconcile errors
    Observed Generation:   1
    Reason:                LastReconcileCycleCompleted
    Status:                True
    Type:                  ReconcileComplete
  Config Params:
    Db Base:       /u01/app/oracle
    Db Home:       /u01/app/oracle/product/19c/dbhome_1
    Db Name:       PORCLCDB
    Grid Base:     /u01/app/grid
    Grid Home:     /u01/app/19c/grid
    Inventory:     /u01/app/oraInventory
  Connect String:  racnode-scan:1521/PORCLCDB
  Db Secret:
    Key File Mount Location:  /mnt/.dbsecrets
    Key File Name:            key.pem
    Name:                     db-user-pass
    Pwd File Mount Location:  /mnt/.dbsecrets
    Pwd File Name:            pwdfile.enc
  Db State:                   OPEN
  External Connect String:    racnode-scan.rac.svc.cluster.local:31521/soepdb
  Pdb Connect String:         racnode-scan:1521/soepdb
  Rac Nodes:
    Name:  racnode1-0
    Node Details:
      Instance State:  OPEN
      Pod State:       AVAILABLE
      Cluster State:   HEALTHY
      Mounted Devices:
        /dev/disk/by-partlabel/qck-ocne19-asmdisk1
        /dev/disk/by-partlabel/qck-ocne19-asmdisk2
      State:  AVAILABLE
      Vip Details:
        Name:  racnode1-0-vip
    Name:      racnode2-0
    Node Details:
      Instance State:  OPEN
      Pod State:       AVAILABLE
      Cluster State:   HEALTHY
      Mounted Devices:
        /dev/disk/by-partlabel/qck-ocne19-asmdisk1
        /dev/disk/by-partlabel/qck-ocne19-asmdisk2
      State:  AVAILABLE
      Vip Details:
        Name:      racnode2-0-vip
  Release Update:  19.28.0.0.0
  Role:            PRIMARY
  Scan Svc Name:   racnode-scan
  Service Details:
    Name:       soepdb
    Svc State:  service soepdb is running on instance(s) porclcdb1,porclcdb2
  State:        AVAILABLE
Events:         <none>



$ kubectl get pvc -n rac
NAME                                STATUS   VOLUME                             CAPACITY   ACCESS MODES   STORAGECLASS   VOLUMEATTRIBUTESCLASS   AGE
asm-pvc-b8ff8be9-racdbprov-sample   Bound    asm-pv-b8ff8be9-racdbprov-sample   49Gi       RWX                           <unset>                 86m
asm-pvc-d6a10c56-racdbprov-sample   Bound    asm-pv-d6a10c56-racdbprov-sample   49Gi       RWX                           <unset>                 86m

$ kubectl get pv -n rac
NAME                               CAPACITY   ACCESS MODES   RECLAIM POLICY   STATUS   CLAIM                                   STORAGECLASS   VOLUMEATTRIBUTESCLASS   REASON   AGE
asm-pv-b8ff8be9-racdbprov-sample   49Gi       RWX            Retain           Bound    rac/asm-pvc-b8ff8be9-racdbprov-sample                  <unset>                          86m
asm-pv-d6a10c56-racdbprov-sample   49Gi       RWX            Retain           Bound    rac/asm-pvc-d6a10c56-racdbprov-sample                  <unset>                          86m


[root@racnode1-0 rac-work-dir]# su - grid
Last login: Mon Dec 22 05:35:14 UTC 2025 on pts/0
[grid@racnode1-0 ~]$
[grid@racnode1-0 ~]$
[grid@racnode1-0 ~]$
[grid@racnode1-0 ~]$ export ORACLE_SID=+ASM1
[grid@racnode1-0 ~]$ asmcmd lsdsk
Path
/dev/disk/by-partlabel/qck-ocne19-asmdisk1
/dev/disk/by-partlabel/qck-ocne19-asmdisk2
[grid@racnode1-0 ~]$
[grid@racnode1-0 ~]$ ls -lrt /dev/disk/by-partlabel/qck-ocne19-asmdisk*
brw-rw----. 1 grid asmadmin 8, 65 Dec 22 05:35 /dev/disk/by-partlabel/qck-ocne19-asmdisk2
brw-rw----. 1 grid asmadmin 8, 97 Dec 22 05:35 /dev/disk/by-partlabel/qck-ocne19-asmdisk1
[grid@racnode1-0 ~]$ sqlplus "/ as sysasm"

SQL*Plus: Release 19.0.0.0.0 - Production on Mon Dec 22 05:35:29 2025
Version 19.28.0.0.0

Copyright (c) 1982, 2025, Oracle.  All rights reserved.


Connected to:
Oracle Database 19c Enterprise Edition Release 19.0.0.0.0 - Production
Version 19.28.0.0.0

SQL> set lines 200
SQL> col path format a50
SQL> select group_number, disk_number, name, total_mb, free_mb, path from v$asm_disk;

GROUP_NUMBER DISK_NUMBER NAME				  TOTAL_MB    FREE_MB PATH
------------ ----------- ------------------------------ ---------- ---------- --------------------------------------------------
	   1	       1 DATA_0001			     51196	45724 /dev/disk/by-partlabel/qck-ocne19-asmdisk2
	   1	       0 DATA_0000			     51196	45676 /dev/disk/by-partlabel/qck-ocne19-asmdisk1

SQL>







### Drop the disks at the ASM Level using "ALTER DISKGROUP DROP DISK" command as below:

[grid@racnode1-0 ~]$ export ORACLE_SID=+ASM1
[grid@racnode1-0 ~]$ sqlplus "/ as sysasm"

SQL*Plus: Release 19.0.0.0.0 - Production on Mon Dec 22 05:36:10 2025
Version 19.28.0.0.0

Copyright (c) 1982, 2025, Oracle.  All rights reserved.


Connected to:
Oracle Database 19c Enterprise Edition Release 19.0.0.0.0 - Production
Version 19.28.0.0.0

SQL> ALTER DISKGROUP DATA DROP DISK 'DATA_0001' REBALANCE POWER 10;

Diskgroup altered.

SQL> select EST_MINUTES,EST_WORK,ACTUAL,SOFAR from v$asm_operation;

EST_MINUTES   EST_WORK	   ACTUAL      SOFAR
----------- ---------- ---------- ----------
	  0	     0	       10	   0
	  0	  1365	       10	  34
	  0	     0	       10	   0

SQL>
SQL> select EST_MINUTES,EST_WORK,ACTUAL,SOFAR from v$asm_operation;

EST_MINUTES   EST_WORK	   ACTUAL      SOFAR
----------- ---------- ---------- ----------
	  0	     0	       10	   0
	  0	  1365	       10	 179
	  0	     0	       10	   0

SQL> select EST_MINUTES,EST_WORK,ACTUAL,SOFAR from v$asm_operation;

EST_MINUTES   EST_WORK	   ACTUAL      SOFAR
----------- ---------- ---------- ----------
	  0	     0	       10	   0
	  0	  1365	       10	 302
	  0	     0	       10	   0

SQL> select EST_MINUTES,EST_WORK,ACTUAL,SOFAR from v$asm_operation;

EST_MINUTES   EST_WORK	   ACTUAL      SOFAR
----------- ---------- ---------- ----------
	  0	     0	       10	   0
	  0	  1365	       10	 882
	  0	     0	       10	   0

SQL>
SQL> select EST_MINUTES,EST_WORK,ACTUAL,SOFAR from v$asm_operation;

EST_MINUTES   EST_WORK	   ACTUAL      SOFAR
----------- ---------- ---------- ----------
	  0	     0	       10	   0
	  0	  1365	       10	1326
	  0	     0	       10	   0

SQL>
SQL> select EST_MINUTES,EST_WORK,ACTUAL,SOFAR from v$asm_operation;

no rows selected

SQL> set lines 200
SQL> col path format a50
SQL> select group_number, disk_number, name, total_mb, free_mb, path from v$asm_disk;

GROUP_NUMBER DISK_NUMBER NAME				  TOTAL_MB    FREE_MB PATH
------------ ----------- ------------------------------ ---------- ---------- --------------------------------------------------
	   0	       0					 0	    0 /dev/disk/by-partlabel/qck-ocne19-asmdisk2
	   1	       0 DATA_0000			     51196	40216 /dev/disk/by-partlabel/qck-ocne19-asmdisk1




### Apply the file "rac_prov_asm_disk_deletion.yaml" to delete an exising ASM Disk

$ date;kubectl apply -f rac_prov_asm_disk_deletion.yaml
Mon Dec 22 05:41:58 UTC 2025
racdatabase.database.oracle.com/racdbprov-sample configured


### After the ASM Disk delete operation is completed:


$ kubectl get all -n rac -o wide
NAME             READY   STATUS    RESTARTS   AGE     IP            NODE            NOMINATED NODE   READINESS GATES
pod/racnode1-0   1/1     Running   0          8m49s   10.244.1.91   qck-ocne19-w1   <none>           <none>
pod/racnode2-0   1/1     Running   0          8m16s   10.244.2.76   qck-ocne19-w2   <none>           <none>

NAME                        TYPE        CLUSTER-IP       EXTERNAL-IP   PORT(S)           AGE    SELECTOR
service/racnode-scan        ClusterIP   None             <none>        <none>            103m   cluster=racnode-scan
service/racnode-scan-lsnr   NodePort    10.103.156.120   <none>        1521:31521/TCP    103m   statefulset.kubernetes.io/pod-name=racnode1-0
service/racnode1-0          ClusterIP   None             <none>        <none>            103m   statefulset.kubernetes.io/pod-name=racnode1-0
service/racnode1-0-lsnr     NodePort    10.99.18.179     <none>        31522:31522/TCP   103m   statefulset.kubernetes.io/pod-name=racnode1-0
service/racnode1-0-ons      NodePort    10.103.170.13    <none>        6200:30200/TCP    103m   statefulset.kubernetes.io/pod-name=racnode1-0
service/racnode1-0-vip      ClusterIP   None             <none>        <none>            103m   statefulset.kubernetes.io/pod-name=racnode1-0
service/racnode2-0          ClusterIP   None             <none>        <none>            103m   statefulset.kubernetes.io/pod-name=racnode2-0
service/racnode2-0-lsnr     NodePort    10.102.53.11     <none>        31523:31523/TCP   103m   statefulset.kubernetes.io/pod-name=racnode2-0
service/racnode2-0-ons      NodePort    10.107.72.0      <none>        6200:30201/TCP    103m   statefulset.kubernetes.io/pod-name=racnode2-0
service/racnode2-0-vip      ClusterIP   None             <none>        <none>            103m   statefulset.kubernetes.io/pod-name=racnode2-0

NAME                        READY   AGE    CONTAINERS   IMAGES
statefulset.apps/racnode1   1/1     103m   racnode1-0   phx.ocir.io/intsanjaysingh/db-repo/oracle/database-rac:19.3.0-slim
statefulset.apps/racnode2   1/1     103m   racnode2-0   phx.ocir.io/intsanjaysingh/db-repo/oracle/database-rac:19.3.0-slim



$ kubectl describe racdatabases.database.oracle.com/racdbprov-sample -n rac
Name:         racdbprov-sample
Namespace:    rac
Labels:       <none>
Annotations:  racdatabases.database.oracle.com/old-spec:
                {"instanceDetails":{"nodeCount":2,"racHostSwLocation":"/scratch/rac/cluster01","racNodeName":"racnode","baseOnsTargetPort":30200,"baseLsnr...
API Version:  database.oracle.com/v4
Kind:         RacDatabase
Metadata:
  Creation Timestamp:  2025-12-22T04:08:10Z
  Finalizers:
    database.oracle.com/racdatabasefinalizer
  Generation:        2
  Resource Version:  1092347
  UID:               dd9ed5a7-8b91-4e32-a229-37531a03de19
Spec:
  Asm Disk Group Details:
    Disks:
      /dev/disk/by-partlabel/qck-ocne19-asmdisk1
    Name:        DATA
    Redundancy:  EXTERNAL
    Type:        CRSDG
  Config Params:
    Cpu Count:               8
    Db Base:                 /u01/app/oracle
    Db Home:                 /u01/app/oracle/product/19c/dbhome_1
    Db Name:                 PORCLCDB
    Db Sw Zip File:          db_home.zip
    Grid Base:               /u01/app/grid
    Grid Home:               /u01/app/19c/grid
    Grid Sw Zip File:        grid_home.zip
    Host Sw Stage Location:  /scratch/software/stage/19c/19.28GoldImageSoftware
    Inventory:               /u01/app/oraInventory
    Pga Size:                6G
    Processes:               2000
    Sga Size:                20G
    Sw Mount Location:       /u01
  Db Secret:
    Key File Mount Location:  /mnt/.dbsecrets
    Key File Name:            key.pem
    Name:                     db-user-pass
    Pwd File Mount Location:  /mnt/.dbsecrets
    Pwd File Name:            pwdfile.enc
  Env Vars:
    Name:             IGNORE_CRS_PREREQS
    Value:            true
    Name:             IGNORE_DB_PREREQS
    Value:            true
  Image:              phx.ocir.io/intsanjaysingh/db-repo/oracle/database-rac:19.3.0-slim
  Image Pull Policy:  Always
  Instance Details:
    Base Lsnr Target Port:  31522
    Base Ons Target Port:   30200
    Node Count:             2
    Private IP Details:
      Interface:           ens1
      Name:                macvlan-conf1
      Interface:           ens2
      Name:                macvlan-conf2
    Rac Host Sw Location:  /scratch/rac/cluster01
    Rac Node Name:         racnode
    Worker Node Selector:
      Raccluster:  raccluster01
  Resources:
    Limits:
      Cpu:     12
      Memory:  36Gi
    Requests:
      Cpu:               12
      Memory:            36Gi
  Scan Svc Name:         racnode-scan
  Scan Svc Target Port:  31521
  Security Context:
    Sysctls:
      Name:   kernel.shmall
      Value:  8388608
      Name:   kernel.sem
      Value:  250 32000 100 128
      Name:   kernel.shmmax
      Value:  34359738368
      Name:   kernel.shmmni
      Value:  4096
      Name:   net.ipv4.conf.all.rp_filter
      Value:  2
  Service Details:
    Name:  soepdb
  Ssh Key Secret:
    Key Mount Location:    /mnt/.ssh
    Name:                  ssh-key-secret
    Priv Key Secret Name:  ssh-privkey
    Pub Key Secret Name:   ssh-pubkey
  Tde Wallet Secret:
    Key File Mount Location:  /mnt/.tdesecrets
    Key File Name:            key.pem
    Name:                     db-user-pass
    Pwd File Mount Location:  /mnt/.tdesecrets
    Pwd File Name:            pwdfile.enc
Status:
  Asm Disk Groups:
    Disks:
      Name:        /dev/disk/by-partlabel/qck-ocne19-asmdisk1
      Size In Gb:  49
      Valid:       true
    Name:          DATA
    Redundancy:    EXTERN
    Type:          CRSDG
  Client Etc Host:
    10.0.1.34    racnode1-0.rac.svc.cluster.local racnode1-0-vip.rac.svc.cluster.local    racnode-scan.rac.svc.cluster.local
    10.0.1.214    racnode2-0.rac.svc.cluster.local racnode2-0-vip.rac.svc.cluster.local    racnode-scan.rac.svc.cluster.local
  Conditions:
    Last Transition Time:  2025-12-22T05:51:25Z
    Message:               no reconcile errors
    Observed Generation:   2
    Reason:                LastReconcileCycleCompleted
    Status:                True
    Type:                  ReconcileComplete
  Config Params:
    Db Base:       /u01/app/oracle
    Db Home:       /u01/app/oracle/product/19c/dbhome_1
    Db Name:       PORCLCDB
    Grid Base:     /u01/app/grid
    Grid Home:     /u01/app/19c/grid
    Inventory:     /u01/app/oraInventory
  Connect String:  racnode-scan:1521/PORCLCDB
  Db Secret:
    Key File Mount Location:  /mnt/.dbsecrets
    Key File Name:            key.pem
    Name:                     db-user-pass
    Pwd File Mount Location:  /mnt/.dbsecrets
    Pwd File Name:            pwdfile.enc
  Db State:                   OPEN
  External Connect String:    racnode-scan.rac.svc.cluster.local:31521/soepdb
  Pdb Connect String:         racnode-scan:1521/soepdb
  Rac Nodes:
    Name:  racnode1-0
    Node Details:
      Instance State:  OPEN
      Pod State:       AVAILABLE
      Cluster State:   HEALTHY
      Mounted Devices:
        /dev/disk/by-partlabel/qck-ocne19-asmdisk1
      State:  AVAILABLE
      Vip Details:
        Name:  racnode1-0-vip
    Name:      racnode2-0
    Node Details:
      Instance State:  OPEN
      Pod State:       AVAILABLE
      Cluster State:   HEALTHY
      Mounted Devices:
        /dev/disk/by-partlabel/qck-ocne19-asmdisk1
      State:  AVAILABLE
      Vip Details:
        Name:      racnode2-0-vip
  Release Update:  19.28.0.0.0
  Role:            PRIMARY
  Scan Svc Name:   racnode-scan
  Service Details:
    Name:       soepdb
    Svc State:  service soepdb is running on instance(s) porclcdb1,porclcdb2
  State:        AVAILABLE
Events:         <none>



$ kubectl get pvc -n rac
NAME                                STATUS   VOLUME                             CAPACITY   ACCESS MODES   STORAGECLASS   VOLUMEATTRIBUTESCLASS   AGE
asm-pvc-b8ff8be9-racdbprov-sample   Bound    asm-pv-b8ff8be9-racdbprov-sample   49Gi       RWX                           <unset>                 104m

$ kubectl get pv -n rac
NAME                               CAPACITY   ACCESS MODES   RECLAIM POLICY   STATUS   CLAIM                                   STORAGECLASS   VOLUMEATTRIBUTESCLASS   REASON   AGE
asm-pv-b8ff8be9-racdbprov-sample   49Gi       RWX            Retain           Bound    rac/asm-pvc-b8ff8be9-racdbprov-sample                  <unset>                          104m


[root@racnode1-0 rac-work-dir]# su - grid
Last login: Mon Dec 22 05:52:15 UTC 2025 on pts/0
[grid@racnode1-0 ~]$ export ORACLE_SID=+ASM1
[grid@racnode1-0 ~]$
[grid@racnode1-0 ~]$ asmcmd lsdsk
Path
/dev/disk/by-partlabel/qck-ocne19-asmdisk1
[grid@racnode1-0 ~]$
[grid@racnode1-0 ~]$ ls -lrt /dev/disk/by-partlabel/qck-ocne19-asmdisk*
brw-rw----. 1 grid asmadmin 8, 97 Dec 22 05:52 /dev/disk/by-partlabel/qck-ocne19-asmdisk1
[grid@racnode1-0 ~]$
[grid@racnode1-0 ~]$
[grid@racnode1-0 ~]$ sqlplus "/ as sysasm"

SQL*Plus: Release 19.0.0.0.0 - Production on Mon Dec 22 05:53:05 2025
Version 19.28.0.0.0

Copyright (c) 1982, 2025, Oracle.  All rights reserved.


Connected to:
Oracle Database 19c Enterprise Edition Release 19.0.0.0.0 - Production
Version 19.28.0.0.0

SQL> set lines 200
SQL> col path format a50
SQL> select group_number, disk_number, name, total_mb, free_mb, path from v$asm_disk;

GROUP_NUMBER DISK_NUMBER NAME				  TOTAL_MB    FREE_MB PATH
------------ ----------- ------------------------------ ---------- ---------- --------------------------------------------------
	   1	       0 DATA_0000			     51196	39536 /dev/disk/by-partlabel/qck-ocne19-asmdisk1

SQL>