$ kubectl get all -n rac -o wide
NAME             READY   STATUS    RESTARTS   AGE   IP            NODE            NOMINATED NODE   READINESS GATES
pod/racnode1-0   1/1     Running   0          10h   10.244.1.45   qck-ocne19-w1   <none>           <none>
pod/racnode2-0   1/1     Running   0          10h   10.244.2.27   qck-ocne19-w2   <none>           <none>

NAME                        TYPE        CLUSTER-IP       EXTERNAL-IP   PORT(S)           AGE   SELECTOR
service/racnode-scan        ClusterIP   None             <none>        <none>            10h   cluster=racnode-scan
service/racnode-scan-lsnr   NodePort    10.111.135.126   <none>        1521:31521/TCP    10h   statefulset.kubernetes.io/pod-name=racnode1-0
service/racnode1-0          ClusterIP   None             <none>        <none>            10h   statefulset.kubernetes.io/pod-name=racnode1-0
service/racnode1-0-lsnr     NodePort    10.109.158.6     <none>        31522:31522/TCP   10h   statefulset.kubernetes.io/pod-name=racnode1-0
service/racnode1-0-ons      NodePort    10.111.117.168   <none>        6200:30200/TCP    10h   statefulset.kubernetes.io/pod-name=racnode1-0
service/racnode1-0-vip      ClusterIP   None             <none>        <none>            10h   statefulset.kubernetes.io/pod-name=racnode1-0
service/racnode2-0          ClusterIP   None             <none>        <none>            10h   statefulset.kubernetes.io/pod-name=racnode2-0
service/racnode2-0-lsnr     NodePort    10.99.69.104     <none>        31523:31523/TCP   10h   statefulset.kubernetes.io/pod-name=racnode2-0
service/racnode2-0-ons      NodePort    10.106.7.168     <none>        6200:30201/TCP    10h   statefulset.kubernetes.io/pod-name=racnode2-0
service/racnode2-0-vip      ClusterIP   None             <none>        <none>            10h   statefulset.kubernetes.io/pod-name=racnode2-0

NAME                        READY   AGE   CONTAINERS   IMAGES
statefulset.apps/racnode1   1/1     10h   racnode1-0   phx.ocir.io/intsanjaysingh/db-repo/oracle/database-rac:19.3.0-slim
statefulset.apps/racnode2   1/1     10h   racnode2-0   phx.ocir.io/intsanjaysingh/db-repo/oracle/database-rac:19.3.0-slim




$ kubectl describe racdatabases.database.oracle.com/racdbprov-sample -n rac
Name:         racdbprov-sample
Namespace:    rac
Labels:       <none>
Annotations:  racdatabases.database.oracle.com/old-spec:
                {"instanceDetails":{"nodeCount":2,"racHostSwLocation":"/scratch/rac/cluster01","racNodeName":"racnode","baseOnsTargetPort":30200,"baseLsnr...
API Version:  database.oracle.com/v4
Kind:         RacDatabase
Metadata:
  Creation Timestamp:  2025-12-18T05:54:15Z
  Finalizers:
    database.oracle.com/racdatabasefinalizer
  Generation:        1
  Resource Version:  392289
  UID:               59e72b53-d47f-4824-b003-f5efd1c7eb5e
Spec:
  Asm Disk Group Details:
    Disks:
      /dev/disk/by-partlabel/qck-ocne19-asmdisk1
      /dev/disk/by-partlabel/qck-ocne19-asmdisk2
    Name:        DATA
    Redundancy:  EXTERNAL
    Type:        CRSDG
  Config Params:
    Cpu Count:               8
    Db Base:                 /u01/app/oracle
    Db Home:                 /u01/app/oracle/product/19c/dbhome_1
    Db Name:                 PORCLCDB
    Db Sw Zip File:          db_home.zip
    Grid Base:               /u01/app/grid
    Grid Home:               /u01/app/19c/grid
    Grid Sw Zip File:        grid_home.zip
    Host Sw Stage Location:  /scratch/software/stage/19c/19.28GoldImageSoftware
    Inventory:               /u01/app/oraInventory
    Pga Size:                6G
    Processes:               2000
    Sga Size:                20G
    Sw Mount Location:       /u01
  Db Secret:
    Key File Mount Location:  /mnt/.dbsecrets
    Key File Name:            key.pem
    Name:                     db-user-pass
    Pwd File Mount Location:  /mnt/.dbsecrets
    Pwd File Name:            pwdfile.enc
  Env Vars:
    Name:             IGNORE_CRS_PREREQS
    Value:            true
    Name:             IGNORE_DB_PREREQS
    Value:            true
  Image:              phx.ocir.io/intsanjaysingh/db-repo/oracle/database-rac:19.3.0-slim
  Image Pull Policy:  Always
  Instance Details:
    Base Lsnr Target Port:  31522
    Base Ons Target Port:   30200
    Node Count:             2
    Private IP Details:
      Interface:           ens1
      Name:                macvlan-conf1
      Interface:           ens2
      Name:                macvlan-conf2
    Rac Host Sw Location:  /scratch/rac/cluster01
    Rac Node Name:         racnode
    Worker Node Selector:
      Raccluster:  raccluster01
  Resources:
    Limits:
      Cpu:     12
      Memory:  36Gi
    Requests:
      Cpu:               12
      Memory:            36Gi
  Scan Svc Name:         racnode-scan
  Scan Svc Target Port:  31521
  Security Context:
    Sysctls:
      Name:   kernel.shmall
      Value:  8388608
      Name:   kernel.sem
      Value:  250 32000 100 128
      Name:   kernel.shmmax
      Value:  34359738368
      Name:   kernel.shmmni
      Value:  4096
      Name:   net.ipv4.conf.all.rp_filter
      Value:  2
  Service Details:
    Name:  soepdb
  Ssh Key Secret:
    Key Mount Location:    /mnt/.ssh
    Name:                  ssh-key-secret
    Priv Key Secret Name:  ssh-privkey
    Pub Key Secret Name:   ssh-pubkey
  Tde Wallet Secret:
    Key File Mount Location:  /mnt/.tdesecrets
    Key File Name:            key.pem
    Name:                     db-user-pass
    Pwd File Mount Location:  /mnt/.tdesecrets
    Pwd File Name:            pwdfile.enc
Status:
  Asm Disk Groups:
    Disks:
      Name:        /dev/disk/by-partlabel/qck-ocne19-asmdisk1
      Size In Gb:  49
      Valid:       true
      Name:        /dev/disk/by-partlabel/qck-ocne19-asmdisk2
      Size In Gb:  49
      Valid:       true
    Name:          DATA
    Redundancy:    EXTERN
    Type:          CRSDG
  Client Etc Host:
    10.0.1.34    racnode1-0.rac.svc.cluster.local racnode1-0-vip.rac.svc.cluster.local    racnode-scan.rac.svc.cluster.local
    10.0.1.214    racnode2-0.rac.svc.cluster.local racnode2-0-vip.rac.svc.cluster.local    racnode-scan.rac.svc.cluster.local
  Conditions:
    Last Transition Time:  2025-12-18T15:19:26Z
    Message:               no reconcile errors
    Observed Generation:   1
    Reason:                LastReconcileCycleCompleted
    Status:                True
    Type:                  ReconcileComplete
  Config Params:
    Db Base:       /u01/app/oracle
    Db Home:       /u01/app/oracle/product/19c/dbhome_1
    Db Name:       PORCLCDB
    Grid Base:     /u01/app/grid
    Grid Home:     /u01/app/19c/grid
    Inventory:     /u01/app/oraInventory
  Connect String:  racnode-scan:1521/PORCLCDB
  Db Secret:
    Key File Mount Location:  /mnt/.dbsecrets
    Key File Name:            key.pem
    Name:                     db-user-pass
    Pwd File Mount Location:  /mnt/.dbsecrets
    Pwd File Name:            pwdfile.enc
  Db State:                   OPEN
  External Connect String:    racnode-scan.rac.svc.cluster.local:31521/soepdb
  Pdb Connect String:         racnode-scan:1521/soepdb
  Rac Nodes:
    Name:  racnode1-0
    Node Details:
      Instance State:  OPEN
      Pod State:       AVAILABLE
      Cluster State:   HEALTHY
      Mounted Devices:
        /dev/disk/by-partlabel/qck-ocne19-asmdisk1
        /dev/disk/by-partlabel/qck-ocne19-asmdisk2
      State:  AVAILABLE
      Vip Details:
        Name:  racnode1-0-vip
    Name:      racnode2-0
    Node Details:
      Instance State:  OPEN
      Pod State:       AVAILABLE
      Cluster State:   HEALTHY
      Mounted Devices:
        /dev/disk/by-partlabel/qck-ocne19-asmdisk1
        /dev/disk/by-partlabel/qck-ocne19-asmdisk2
      State:  AVAILABLE
      Vip Details:
        Name:      racnode2-0-vip
  Release Update:  19.28.0.0.0
  Role:            PRIMARY
  Scan Svc Name:   racnode-scan
  Service Details:
    Name:       soepdb
    Svc State:  service soepdb is running on instance(s) porclcdb1,porclcdb2
  State:        AVAILABLE
Events:         <none>




[grid@racnode1-0 ~]$ /u01/app/19c/grid/bin/crsctl stat res -t
--------------------------------------------------------------------------------
Name           Target  State        Server                   State details
--------------------------------------------------------------------------------
Local Resources
--------------------------------------------------------------------------------
ora.DBLSNR.lsnr
               ONLINE  ONLINE       racnode1-0               STABLE
               ONLINE  ONLINE       racnode2-0               STABLE
ora.LISTENER.lsnr
               ONLINE  ONLINE       racnode1-0               STABLE
               ONLINE  ONLINE       racnode2-0               STABLE
ora.chad
               ONLINE  ONLINE       racnode1-0               STABLE
               ONLINE  ONLINE       racnode2-0               STABLE
ora.net1.network
               ONLINE  ONLINE       racnode1-0               STABLE
               ONLINE  ONLINE       racnode2-0               STABLE
ora.ons
               ONLINE  ONLINE       racnode1-0               STABLE
               ONLINE  ONLINE       racnode2-0               STABLE
--------------------------------------------------------------------------------
Cluster Resources
--------------------------------------------------------------------------------
ora.ASMNET1LSNR_ASM.lsnr(ora.asmgroup)
      1        ONLINE  ONLINE       racnode1-0               STABLE
      2        ONLINE  ONLINE       racnode2-0               STABLE
ora.ASMNET2LSNR_ASM.lsnr(ora.asmgroup)
      1        ONLINE  ONLINE       racnode1-0               STABLE
      2        ONLINE  ONLINE       racnode2-0               STABLE
ora.DATA.dg(ora.asmgroup)
      1        ONLINE  ONLINE       racnode1-0               STABLE
      2        ONLINE  ONLINE       racnode2-0               STABLE
ora.LISTENER_SCAN1.lsnr
      1        ONLINE  ONLINE       racnode1-0               STABLE
ora.LISTENER_SCAN2.lsnr
      1        ONLINE  ONLINE       racnode2-0               STABLE
ora.asm(ora.asmgroup)
      1        ONLINE  ONLINE       racnode1-0               Started,STABLE
      2        ONLINE  ONLINE       racnode2-0               Started,STABLE
ora.asmnet1.asmnetwork(ora.asmgroup)
      1        ONLINE  ONLINE       racnode1-0               STABLE
      2        ONLINE  ONLINE       racnode2-0               STABLE
ora.asmnet2.asmnetwork(ora.asmgroup)
      1        ONLINE  ONLINE       racnode1-0               STABLE
      2        ONLINE  ONLINE       racnode2-0               STABLE
ora.cvu
      1        ONLINE  ONLINE       racnode1-0               STABLE
ora.porclcdb.db
      1        ONLINE  ONLINE       racnode1-0               Open,HOME=/u01/app/o
                                                             racle/product/19c/db
                                                             home_1,STABLE
      2        ONLINE  ONLINE       racnode2-0               Open,HOME=/u01/app/o
                                                             racle/product/19c/db
                                                             home_1,STABLE
ora.porclcdb.soepdb.svc
      1        ONLINE  ONLINE       racnode1-0               STABLE
      2        ONLINE  ONLINE       racnode2-0               STABLE
ora.qosmserver
      1        ONLINE  ONLINE       racnode1-0               STABLE
ora.racnode1-0.vip
      1        ONLINE  ONLINE       racnode1-0               STABLE
ora.racnode2-0.vip
      1        ONLINE  ONLINE       racnode2-0               STABLE
ora.scan1.vip
      1        ONLINE  ONLINE       racnode1-0               STABLE
ora.scan2.vip
      1        ONLINE  ONLINE       racnode2-0               STABLE
--------------------------------------------------------------------------------

[grid@racnode1-0 ~]$ /u01/app/19c/grid/bin/srvctl config nodeapps
Network 1 exists
Subnet IPv4: 10.244.0.0/255.255.0.0/eth0, static
Subnet IPv6:
Ping Targets:
Network is enabled
Network is individually enabled on nodes:
Network is individually disabled on nodes:
VIP exists: network number 1, hosting node racnode1-0
VIP Name: racnode1-0-vip
VIP IPv4 Address: 10.244.1.45
VIP IPv6 Address:
VIP is enabled.
VIP is individually enabled on nodes:
VIP is individually disabled on nodes:
VIP exists: network number 1, hosting node racnode2-0
VIP Name: racnode2-0-vip
VIP IPv4 Address: 10.244.2.27
VIP IPv6 Address:
VIP is enabled.
VIP is individually enabled on nodes:
VIP is individually disabled on nodes:
ONS exists: Local port 6100, remote port 6200, EM port 2016, Uses SSL true
ONS is enabled
ONS is individually enabled on nodes:
ONS is individually disabled on nodes:



[oracle@racnode1-0 ~]$ srvctl status database -d PORCLCDB -v
Instance PORCLCDB1 is running on node racnode1-0 with online services soepdb. Instance status: Open.
Instance PORCLCDB2 is running on node racnode2-0 with online services soepdb. Instance status: Open.
[oracle@racnode1-0 ~]$ srvctl config database -d PORCLCDB -v
Database unique name: PORCLCDB
Database name: PORCLCDB
Oracle home: /u01/app/oracle/product/19c/dbhome_1
Oracle user: oracle
Spfile: +DATA/PORCLCDB/PARAMETERFILE/spfile.274.1220164663
Password file: +DATA/PORCLCDB/PASSWORD/pwdporclcdb.258.1220163063
Domain:
Start options: open
Stop options: immediate
Database role: PRIMARY
Management policy: AUTOMATIC
Server pools:
Disk Groups: DATA
Mount point paths:
Services: soepdb
Type: RAC
Start concurrency:
Stop concurrency:
OSDBA group: dba
OSOPER group:
Database instances: PORCLCDB1,PORCLCDB2
Configured nodes: racnode1-0,racnode2-0
CSS critical: no
CPU count: 0
Memory target: 0
Maximum memory: 0
Default network number for database services:
Database is administrator managed
[oracle@racnode1-0 ~]$
[oracle@racnode1-0 ~]$
[oracle@racnode1-0 ~]$ srvctl config service -s soepdb -d PORCLCDB
Service name: soepdb
Server pool:
Cardinality: 2
Service role: PRIMARY
Management policy: AUTOMATIC
DTP transaction: false
AQ HA notifications: false
Global: false
Commit Outcome: false
Failover type:
Failover method:
Failover retries:
Failover delay:
Failover restore: NONE
Connection Load Balancing Goal: LONG
Runtime Load Balancing Goal: NONE
TAF policy specification: NONE
Edition:
Pluggable database name: ORCLPDB
Hub service:
Maximum lag time: ANY
SQL Translation Profile:
Retention: 86400 seconds
Replay Initiation Time: 300 seconds
Drain timeout:
Stop option:
Session State Consistency: DYNAMIC
GSM Flags: 0
Service is enabled
Preferred instances: PORCLCDB1,PORCLCDB2
Available instances:
CSS critical: no
Service uses Java: false




$ kubectl get Network-Attachment-Definition -n rac
NAME            AGE
macvlan-conf1   26h
macvlan-conf2   26h
$
$ kubectl describe Network-Attachment-Definition macvlan-conf1 -n rac
Name:         macvlan-conf1
Namespace:    rac
Labels:       <none>
Annotations:  <none>
API Version:  k8s.cni.cncf.io/v1
Kind:         NetworkAttachmentDefinition
Metadata:
  Creation Timestamp:  2025-12-17T02:27:05Z
  Generation:          1
  Resource Version:    71975
  UID:                 2e11f7f8-ef28-4538-9f9f-af93602a7565
Spec:
  Config:  { "cniVersion": "0.3.0", "type": "macvlan", "master": "ens5", "mode": "bridge", "ipam": { "type": "host-local", "subnet": "10.0.10.0/24", "rangeStart": "10.0.10.120", "rangeEnd": "10.0.10.130" } }
Events:    <none>
$
$ kubectl describe Network-Attachment-Definition macvlan-conf2 -n rac
Name:         macvlan-conf2
Namespace:    rac
Labels:       <none>
Annotations:  <none>
API Version:  k8s.cni.cncf.io/v1
Kind:         NetworkAttachmentDefinition
Metadata:
  Creation Timestamp:  2025-12-17T02:27:05Z
  Generation:          1
  Resource Version:    71976
  UID:                 ca739912-4ed9-40eb-8d71-db621a5048b5
Spec:
  Config:  { "cniVersion": "0.3.0", "type": "macvlan", "master": "ens6", "mode": "bridge", "ipam": { "type": "host-local", "subnet": "10.0.11.0/24", "rangeStart": "10.0.11.120", "rangeEnd": "10.0.11.130" } }
Events:    <none>



[root@racnode1-0 rac-work-dir]# ifconfig -a
ens1: flags=4163<UP,BROADCAST,RUNNING,MULTICAST>  mtu 1500
        inet 10.0.10.120  netmask 255.255.255.0  broadcast 10.0.10.255
        inet6 fe80::68c3:1fff:fe0a:7e3e  prefixlen 64  scopeid 0x20<link>
        ether 6a:c3:1f:0a:7e:3e  txqueuelen 0  (Ethernet)
        RX packets 2744896  bytes 4746954200 (4.4 GiB)
        RX errors 0  dropped 0  overruns 0  frame 0
        TX packets 2608323  bytes 2936940542 (2.7 GiB)
        TX errors 0  dropped 0 overruns 0  carrier 0  collisions 0

ens2: flags=4163<UP,BROADCAST,RUNNING,MULTICAST>  mtu 1500
        inet 10.0.11.120  netmask 255.255.255.0  broadcast 10.0.11.255
        inet6 fe80::89c:cfff:fe48:22e7  prefixlen 64  scopeid 0x20<link>
        ether 0a:9c:cf:48:22:e7  txqueuelen 0  (Ethernet)
        RX packets 1102915  bytes 929120965 (886.0 MiB)
        RX errors 0  dropped 0  overruns 0  frame 0
        TX packets 1010985  bytes 839517397 (800.6 MiB)
        TX errors 0  dropped 0 overruns 0  carrier 0  collisions 0

eth0: flags=4163<UP,BROADCAST,RUNNING,MULTICAST>  mtu 8950
        inet 10.244.1.45  netmask 255.255.255.0  broadcast 10.244.1.255
        inet6 fe80::acad:e0ff:fe57:5143  prefixlen 64  scopeid 0x20<link>
        ether ae:ad:e0:57:51:43  txqueuelen 0  (Ethernet)
        RX packets 145286  bytes 435595010 (415.4 MiB)
        RX errors 0  dropped 0  overruns 0  frame 0
        TX packets 121618  bytes 157421962 (150.1 MiB)
        TX errors 0  dropped 0 overruns 0  carrier 0  collisions 0

lo: flags=73<UP,LOOPBACK,RUNNING>  mtu 65536
        inet 127.0.0.1  netmask 255.0.0.0
        inet6 ::1  prefixlen 128  scopeid 0x10<host>
        loop  txqueuelen 1000  (Local Loopback)
        RX packets 745014  bytes 2138479445 (1.9 GiB)
        RX errors 0  dropped 0  overruns 0  frame 0
        TX packets 745014  bytes 2138479445 (1.9 GiB)
        TX errors 0  dropped 0 overruns 0  carrier 0  collisions 0


[root@racnode2-0 rac-work-dir]# ifconfig -a
ens1: flags=4163<UP,BROADCAST,RUNNING,MULTICAST>  mtu 1500
        inet 10.0.10.121  netmask 255.255.255.0  broadcast 10.0.10.255
        inet6 fe80::90e1:d6ff:fea2:d6ab  prefixlen 64  scopeid 0x20<link>
        ether 92:e1:d6:a2:d6:ab  txqueuelen 0  (Ethernet)
        RX packets 2613999  bytes 2939512141 (2.7 GiB)
        RX errors 0  dropped 0  overruns 0  frame 0
        TX packets 2704840  bytes 4744166418 (4.4 GiB)
        TX errors 0  dropped 0 overruns 0  carrier 0  collisions 0

ens2: flags=4163<UP,BROADCAST,RUNNING,MULTICAST>  mtu 1500
        inet 10.0.11.121  netmask 255.255.255.0  broadcast 10.0.11.255
        inet6 fe80::4d3:e5ff:fe37:7aa2  prefixlen 64  scopeid 0x20<link>
        ether 06:d3:e5:37:7a:a2  txqueuelen 0  (Ethernet)
        RX packets 1011104  bytes 839757889 (800.8 MiB)
        RX errors 0  dropped 0  overruns 0  frame 0
        TX packets 1103157  bytes 929317700 (886.2 MiB)
        TX errors 0  dropped 0 overruns 0  carrier 0  collisions 0

eth0: flags=4163<UP,BROADCAST,RUNNING,MULTICAST>  mtu 8950
        inet 10.244.2.27  netmask 255.255.255.0  broadcast 10.244.2.255
        inet6 fe80::20df:e2ff:fe66:20db  prefixlen 64  scopeid 0x20<link>
        ether 22:df:e2:66:20:db  txqueuelen 0  (Ethernet)
        RX packets 141306  bytes 537935226 (513.0 MiB)
        RX errors 0  dropped 0  overruns 0  frame 0
        TX packets 118070  bytes 53713042 (51.2 MiB)
        TX errors 0  dropped 0 overruns 0  carrier 0  collisions 0

lo: flags=73<UP,LOOPBACK,RUNNING>  mtu 65536
        inet 127.0.0.1  netmask 255.0.0.0
        inet6 ::1  prefixlen 128  scopeid 0x10<host>
        loop  txqueuelen 1000  (Local Loopback)
        RX packets 477267  bytes 142657034 (136.0 MiB)
        RX errors 0  dropped 0  overruns 0  frame 0
        TX packets 477267  bytes 142657034 (136.0 MiB)
        TX errors 0  dropped 0 overruns 0  carrier 0  collisions 0