[root@docker-test-server test]# kubectl describe dbcssystems.database.oracle.com dbcssystem-existing
Name:         dbcssystem-existing
Namespace:    default
Labels:       <none>
Annotations:  lastSuccessfulSpec:
                {"dbSystem":{"compartmentId":"ocid1.compartment.oc1..aaaaaaaa4hecw2shffuuc4fcatpin4x3rdkesmmf4he67osupo7g6f7i6eya","availabilityDomain":"O...
API Version:  database.oracle.com/v1alpha1
Kind:         DbcsSystem
Metadata:
  Creation Timestamp:  2022-03-08T23:27:48Z
  Generation:          5
  Managed Fields:
    API Version:  database.oracle.com/v1alpha1
    Fields Type:  FieldsV1
    fieldsV1:
      f:metadata:
        f:annotations:
          f:lastSuccessfulSpec:
      f:spec:
        f:dbSystem:
          f:cpuCoreCount:
          f:dbBackupConfig:
          f:dbEdition:
          f:dbName:
          f:dbUniqueName:
          f:dbVersion:
          f:diskRedundancy:
          f:displayName:
          f:faultDomains:
          f:nodeCount:
      f:status:
        .:
        f:availabilityDomain:
        f:cpuCoreCount:
        f:dataStoragePercentage:
        f:dataStorageSizeInGBs:
        f:dbEdition:
        f:dbInfo:
        f:displayName:
        f:id:
        f:licenseModel:
        f:network:
          .:
          f:clientSubnet:
          f:domainName:
          f:hostName:
          f:listenerPort:
          f:scanDnsName:
          f:vcnName:
        f:nodeCount:
        f:recoStorageSizeInGB:
        f:shape:
        f:state:
        f:storageManagement:
        f:subnetId:
        f:timeZone:
        f:workRequests:
    Manager:      manager
    Operation:    Update
    Time:         2022-03-08T23:32:55Z
    API Version:  database.oracle.com/v1alpha1
    Fields Type:  FieldsV1
    fieldsV1:
      f:metadata:
        f:annotations:
          .:
          f:kubectl.kubernetes.io/last-applied-configuration:
      f:spec:
        .:
        f:dbSystem:
          .:
          f:availabilityDomain:
          f:compartmentId:
          f:dbAdminPaswordSecret:
          f:hostName:
          f:licenseModel:
          f:shape:
          f:sshPublicKeys:
          f:subnetId:
        f:id:
        f:ociConfigMap:
        f:ociSecret:
    Manager:         kubectl-client-side-apply
    Operation:       Update
    Time:            2022-03-09T01:15:19Z
  Resource Version:  55226409
  UID:               96d7bc49-33e9-42cc-8dd0-ada9a5a4c7e5
Spec:
  Db System:
    Availability Domain:      OLou:PHX-AD-1
    Compartment Id:           ocid1.compartment.oc1..aaaaaaaa4hecw2shffuuc4fcatpin4x3rdkesmmf4he67osupo7g6f7i6eya
    Db Admin Pasword Secret:  admin-password
    Host Name:                host0130
    License Model:            BRING_YOUR_OWN_LICENSE
    Shape:                    VM.Standard2.1
    Ssh Public Keys:
      oci-publickey
    Subnet Id:     ocid1.subnet.oc1.phx.aaaaaaaauso243tymnzeh6zbz5vkejgyu4ugujul5okpa5xbaq3275izbc7a
  Id:              ocid1.dbsystem.oc1.phx.anyhqljrabf7htyanr3lnp6wtu5ld7qwszohiteodvwahonr2yymrftarkqa
  Oci Config Map:  oci-cred
  Oci Secret:      oci-privatekey
Status:
  Availability Domain:        OLou:PHX-AD-1
  Cpu Core Count:             1
  Data Storage Percentage:    80
  Data Storage Size In G Bs:  512
  Db Edition:                 ENTERPRISE_EDITION
  Db Info:
    Db Home Id:      ocid1.dbhome.oc1.phx.anyhqljr5gy3jhqat52milqwt3gq6lwohhacwg5yi4mtzq7c7hag53lrkugq
    Db Name:         db0130
    Db Unique Name:  db0130_phx1zn
    Db Workload:     OLTP
    Id:              ocid1.database.oc1.phx.anyhqljrabf7htyackgmsaqjfexoqgrzuuk33ju2q25z2al43tnd5mhhvkra
  Display Name:      dbsystem20220308221302
  Id:                ocid1.dbsystem.oc1.phx.anyhqljrabf7htyanr3lnp6wtu5ld7qwszohiteodvwahonr2yymrftarkqa
  License Model:     BRING_YOUR_OWN_LICENSE
  Network:
    Client Subnet:          k8test-pubvcn
    Domain Name:            k8testpubvcn.k8test.oraclevcn.com
    Host Name:              host0130
    Listener Port:          1521
    Scan Dns Name:          host0130-scan.k8testpubvcn.k8test.oraclevcn.com
    Vcn Name:               k8test
  Node Count:               1
  Reco Storage Size In GB:  256
  Shape:                    VM.Standard2.1
  State:                    AVAILABLE
  Storage Management:       ASM
  Subnet Id:                ocid1.subnet.oc1.phx.aaaaaaaauso243tymnzeh6zbz5vkejgyu4ugujul5okpa5xbaq3275izbc7a
  Time Zone:                UTC
  Work Requests:
    Operation Id:      ocid1.coreservicesworkrequest.oc1.phx.abyhqljrxivzvgzel47zuoyke5yk36o7mrgjl27vscd5z3bqptmyh3rxwbqq
    Operation Type:    Create DB System
    Percent Complete:  100
    Time Accepted:     2022-03-08 22:13:02.999 +0000 UTC
    Time Finished:     2022-03-08 23:11:50.46 +0000 UTC
    Time Started:      2022-03-08 22:13:16.995 +0000 UTC
    Operation Id:      ocid1.coreservicesworkrequest.oc1.phx.abyhqljrc3fx6kwq4yxerk3ngztdbbngm7w4dnlddcdhxqxjn6e4kcyux5ca
    Operation Type:    Update Shape
    Percent Complete:  100
    Time Accepted:     2022-03-08 23:33:42.807 +0000 UTC
    Time Finished:     2022-03-08 23:46:21.126 +0000 UTC
    Time Started:      2022-03-08 23:33:52.109 +0000 UTC
    Operation Id:      ocid1.coreservicesworkrequest.oc1.phx.abyhqljr5sveun3f6k3zuz23py7mm7jncmpq5vwyajbo5ezhc765347defwq
    Operation Type:    Update Shape
    Percent Complete:  100
    Time Accepted:     2022-03-09 00:25:03.644 +0000 UTC
    Time Finished:     2022-03-09 00:38:59.526 +0000 UTC
    Time Started:      2022-03-09 00:25:15.578 +0000 UTC
    Operation Id:      ocid1.coreservicesworkrequest.oc1.phx.abyhqljrbaqah6qktukvdlnx66fp2hlevegryfuppsshkqemfcdjtwfwaq3q
    Operation Type:    Scale Storage
    Percent Complete:  100
    Time Accepted:     2022-03-09 00:48:54.849 +0000 UTC
    Time Finished:     2022-03-09 01:03:10.885 +0000 UTC
    Time Started:      2022-03-09 00:49:05.911 +0000 UTC
    Operation Id:      ocid1.coreservicesworkrequest.oc1.phx.abyhqljrvhcpme5ijlsxup22kuumjuzn367vdxwhblv2nxpwshfwnig5au7a
    Operation Type:    Update DB System License Type
    Percent Complete:  100
    Time Accepted:     2022-03-09 01:16:16.991 +0000 UTC
    Time Finished:     2022-03-09 01:17:05.025 +0000 UTC
    Time Started:      2022-03-09 01:16:24.716 +0000 UTC
Events:                <none>
[root@docker-test-server test]#


[root@docker-test-server test]# cat terminate_dbcs_system.yaml
apiVersion: database.oracle.com/v1alpha1
kind: DbcsSystem
metadata:
  name: dbcssystem-terminate
spec:
  hardLink: True
  id: "ocid1.dbsystem.oc1.phx.anyhqljrabf7htyanr3lnp6wtu5ld7qwszohiteodvwahonr2yymrftarkqa"
  ociConfigMap: "oci-cred"
  ociSecret: "oci-privatekey"
[root@docker-test-server test]#
[root@docker-test-server test]# kubectl apply -f terminate_dbcs_system.yaml
dbcssystem.database.oracle.com/dbcssystem-terminate created
[root@docker-test-server test]#


[root@docker-test-server test]# kubectl get ns

kubectl get allNAME                              STATUS   AGE
cert-manager                      Active   13d
default                           Active   139d
kube-node-lease                   Active   139d
kube-public                       Active   139d
kube-system                       Active   139d
oracle-database-operator-system   Active   13d
shns                              Active   88d
[root@docker-test-server test]#
[root@docker-test-server test]# kubectl get all -n oracle-database-operator-system
NAME                                                               READY   STATUS    RESTARTS   AGE
pod/oracle-database-operator-controller-manager-665874bd57-dlhls   1/1     Running   3          13d
pod/oracle-database-operator-controller-manager-665874bd57-g2cgw   1/1     Running   3          13d
pod/oracle-database-operator-controller-manager-665874bd57-q42f8   1/1     Running   4          13d

NAME                                                                  TYPE        CLUSTER-IP      EXTERNAL-IP   PORT(S)    AGE
service/oracle-database-operator-controller-manager-metrics-service   ClusterIP   10.96.130.124   <none>        8443/TCP   13d
service/oracle-database-operator-webhook-service                      ClusterIP   10.96.4.104     <none>        443/TCP    13d

NAME                                                          READY   UP-TO-DATE   AVAILABLE   AGE
deployment.apps/oracle-database-operator-controller-manager   3/3     3            3           13d

NAME                                                                     DESIRED   CURRENT   READY   AGE
replicaset.apps/oracle-database-operator-controller-manager-665874bd57   3         3         3       13d
[root@docker-test-server test]#


[root@docker-test-server test]# kubectl logs -f pod/oracle-database-operator-controller-manager-665874bd57-dlhls -n oracle-database-operator-system
.
.
2022-03-09T01:24:18.773Z  INFO  controller-runtime.manager.controller.dbcssystem  OCI provider configured succesfully {"reconciler group": "database.oracle.com", "reconciler kind": "DbcsSystem", "name": "dbcssystem-terminate", "namespace": "default"}
2022-03-09T01:24:18.793Z  INFO  controller-runtime.manager.controller.dbcssystem  Finalizer registered successfully.  {"reconciler group": "database.oracle.com", "reconciler kind": "DbcsSystem", "name": "dbcssystem-terminate", "namespace": "default"}
2022-03-09T01:24:22.461Z  INFO  controller-runtime.manager.controller.dbcssystem  Sync information from remote DbcsSystem System successfully {"reconciler group": "database.oracle.com", "reconciler kind": "DbcsSystem", "name": "dbcssystem-terminate", "namespace": "default"}






[root@docker-test-server test]# kubectl delete -f terminate_dbcs_system.yaml
dbcssystem.database.oracle.com "dbcssystem-terminate" deleted
[root@docker-test-server test]#



[root@docker-test-server test]# kubectl logs -f pod/oracle-database-operator-controller-manager-665874bd57-dlhls -n oracle-database-operator-system
.
.
2022-03-09T01:25:05.199Z  INFO  controller-runtime.manager.controller.dbcssystem  OCI provider configured succesfully {"reconciler group": "database.oracle.com", "reconciler kind": "DbcsSystem", "name": "dbcssystem-terminate", "namespace": "default"}
2022-03-09T01:25:05.199Z  INFO  controller-runtime.manager.controller.dbcssystem  Terminate DbcsSystem Database:  {"reconciler group": "database.oracle.com", "reconciler kind": "DbcsSystem", "name": "dbcssystem-terminate", "namespace": "default"}
2022-03-09T01:25:06.920Z  INFO  controller-runtime.manager.controller.dbcssystem  Finalizer unregistered successfully.  {"reconciler group": "database.oracle.com", "reconciler kind": "DbcsSystem", "name": "dbcssystem-terminate", "namespace": "default"}


[root@docker-test-server test]# kubectl delete dbcssystems.database.oracle.com dbcssystem-existing
dbcssystem.database.oracle.com "dbcssystem-existing" deleted
[root@docker-test-server test]#
[root@docker-test-server test]# kubectl describe dbcssystems.database.oracle.com dbcssystem-existing
Error from server (NotFound): dbcssystems.database.oracle.com "dbcssystem-existing" not found
[root@docker-test-server test]#
[root@docker-test-server test]# kubectl delete dbcssystems.database.oracle.com dbcssystem-create
dbcssystem.database.oracle.com "dbcssystem-create" deleted
[root@docker-test-server test]#
[root@docker-test-server test]# kubectl delete dbcssystems.database.oracle.com dbcssystem-create
Error from server (NotFound): dbcssystems.database.oracle.com "dbcssystem-create" not found
[root@docker-test-server test]#
