#### Status before the ASM Disk deletion

$ kubectl describe oraclerestarts.database.oracle.com/oraclerestart-sample -n orestart
Name:         oraclerestart-sample
Namespace:    orestart
Labels:       <none>
Annotations:  OracleRestarts.database.oracle.com/old-spec:
                {"instDetails":{"name":"dbmc1","hostSwLocation":"/scratch/orestart/","workerNode":["10.0.10.58"],"envFile":"dbmc1oraclerestart-sample-cmap...
API Version:  database.oracle.com/v4
Kind:         OracleRestart
Metadata:
  Creation Timestamp:  2026-02-16T03:29:37Z
  Finalizers:
    database.oracle.com/oraclerestartfinalizer
  Generation:        1
  Resource Version:  301957187
  UID:               e364c9e4-0fa8-480e-acbc-4d84262eba1d
Spec:
  Asm Disk Group Details:
    Disks:
      /dev/disk/by-partlabel/asm-disk1
      /dev/disk/by-partlabel/asm-disk2
    Name:        DATA
    Redundancy:  EXTERNAL
    Type:        CRSDG
  Config Params:
    Cpu Count:    4
    Db Base:      /u01/app/oracle
    Db Char Set:  AL32UTF8
    Db Home:      /u01/app/oracle/product/19c/dbhome_1
    Db Name:      PORCLCDB
    Db Response File:
    Db Sw Zip File:  db_home.zip
    Grid Base:       /u01/app/grid
    Grid Home:       /u01/app/19c/grid
    Grid Response File:
    Grid Sw Zip File:        grid_home.zip
    Host Sw Stage Location:  /scratch/software/stage
    Inventory:               /u01/app/oraInventory
    Pga Size:                4G
    Processes:               2000
    Sga Size:                8G
    Sw Mount Location:       /u01
  Db Secret:
    Key File Mount Location:  /mnt/.dbsecrets
    Key File Name:            key.pem
    Name:                     db-user-pass-pkutl
    Pwd File Mount Location:  /mnt/.dbsecrets
    Pwd File Name:            pwdfile.enc
  Enable Ons:                 enable
  Image:                      dbocir/oracle/database-orestart:19.3.0-slim
  Image Pull Policy:          IfNotPresent
  Inst Details:
    Host Sw Location:  /scratch/orestart/
    Name:              dbmc1
    Worker Node:
      10.0.10.58
  Lb Service:
  Node Port Svc:
    Name:  dbmc1-service-nodeport
    Port Mappings:
      Node Port:    30007
      Port:         1521
      Protocol:     TCP
      Target Port:  1521
      Node Port:    30200
      Port:         6200
      Protocol:     TCP
      Target Port:  6200
    Svc Type:       nodeport
  Resources:
    Limits:
      Cpu:     4
      Memory:  16Gi
    Requests:
      Cpu:     4
      Memory:  16Gi
  Service Details:
    Name:  soepdb
  Ssh Key Secret:
    Key Mount Location:    /mnt/.ssh
    Name:                  ssh-key-secret
    Priv Key Secret Name:  ssh-privkey
    Pub Key Secret Name:   ssh-pubkey
Status:
  Oracle Restart Nodes:
    Name:  dbmc1-0
    Node Details:
      Instance State:  OPEN
      Pod State:       AVAILABLE
      Cluster State:   HEALTHY
      Mounted Devices:
        /dev/disk/by-partlabel/asm-disk1
        /dev/disk/by-partlabel/asm-disk2
      State:  AVAILABLE
  Asm Disk Groups:
    Disks:
      Name:        /dev/disk/by-partlabel/asm-disk1
      Size In Gb:  49
      Valid:       true
      Name:        /dev/disk/by-partlabel/asm-disk2
      Size In Gb:  49
      Valid:       true
    Name:          DATA
    Redundancy:    EXTERN
    Type:          CRSDG
  Conditions:
    Last Transition Time:  2026-02-16T03:29:53Z
    Message:               reconcile has been queued
    Observed Generation:   1
    Reason:                LastReconcileCycleQueued
    Status:                True
    Type:                  ReconcileQueued
  Config Params:
    Db Base:  /u01/app/oracle
    Db Home:  /u01/app/oracle/product/19c/dbhome_1
    Db Name:  PORCLCDB
    Db Response File:
    Grid Base:  /u01/app/grid
    Grid Home:  /u01/app/19c/grid
    Grid Response File:
    Inventory:     /u01/app/oraInventory
  Connect String:  dbmc1-0:1521/PORCLCDB
  Db Secret:
    Key File Mount Location:  /mnt/.dbsecrets
    Key File Name:            key.pem
    Name:                     db-user-pass-pkutl
    Pwd File Mount Location:  /mnt/.dbsecrets
    Pwd File Name:            pwdfile.enc
  Db State:                   OPEN
  External Connect String:    129.146.0.149:30007/soepdb
  Pdb Connect String:         dbmc1-0:1521/ORCLPDB
  Release Update:             19.28.0.0.0
  Resources:
    Limits:
      Cpu:     4
      Memory:  16Gi
    Requests:
      Cpu:     4
      Memory:  16Gi
  Role:        PRIMARY
  Security Context:
    Sysctls:
      Name:   kernel.shmmax
      Value:  9663676416
      Name:   kernel.shmall
      Value:  2359296
      Name:   kernel.sem
      Value:  250 32000 100 128
      Name:   kernel.shmmni
      Value:  4096
  Service Details:
    Name:       soepdb
    Svc State:  service soepdb is running
  State:        AVAILABLE
Events:         <none>



-- From inside the Oracle Restart Pod
[grid@dbmc1-0 ~]$ export ORACLE_SID=+ASM
[grid@dbmc1-0 ~]$ asmcmd lsdsk
Path
/dev/disk/by-partlabel/asm-disk1
/dev/disk/by-partlabel/asm-disk2
[grid@dbmc1-0 ~]$ ls -lrt /dev/disk/by-partlabel/asm-disk*
brw-rw----. 1 grid asmadmin 8, 49 Feb 16 04:06 /dev/disk/by-partlabel/asm-disk2
brw-rw----. 1 grid asmadmin 8, 33 Feb 16 04:06 /dev/disk/by-partlabel/asm-disk1



### Apply the file "orestart_prov_asm_disk_deletion.yaml" to delete an exising ASM Disk
### When the above .yaml file is applied, Operator will check if the disk is in use before deletion
### As the disk is not deleted at the ASM level and rebalance has NOT been done, the Operator will be waiting for the disk to be deleted at the ASM Level


$ kubectl logs -f pod/oracle-database-operator-controller-manager-bc8dd8f68-pwfdk -n oracle-database-operator-system
.
.
2026-02-16T04:07:29Z	INFO	controllers.OracleRestart	Detected removal of ASM disks	{"removedAsmDisks": ["/dev/disk/by-partlabel/asm-disk2"]}
2026-02-16T04:07:29Z	INFO	controllers.OracleRestart	PV Found	{"Instance.Namespace": "orestart", "Instance.Name": "oraclerestart-sample", "dep.Name": "asm-pv-5bf2e507-oraclerestart-sample", "dgType": "CRSDG"}
2026-02-16T04:07:29Z	INFO	controllers.OracleRestart	PVC Found	{"Instance.Namespace": "orestart", "Instance.Name": "oraclerestart-sample", "dep.Name": "asm-pvc-5bf2e507-oraclerestart-sample", "dgType": "CRSDG"}
2026-02-16T04:07:29Z	INFO	controllers.OracleRestart	Provided ASM Disks are valid, proceeding further
2026-02-16T04:07:29Z	INFO	controllers.OracleRestart	ConfigMap env key changed, updating	{"Instance.Namespace": "orestart", "Instance.Name": "oraclerestart-sample"}
2026-02-16T04:07:29Z	INFO	controllers.OracleRestart	Config Map updated successfully with new asm details
2026-02-16T04:07:31Z	ERROR	controllers.OracleRestart	Failed to remove disk in use	{"oracleRestart.Namespace": "orestart", "oracleRestart.Name": "oraclerestart-sample", "Disk": "/dev/disk/by-partlabel/asm-disk2", "DiskGroup": "DATA"}
github.com/oracle/oracle-database-operator/controllers/database.(*OracleRestartReconciler).createOrReplaceSfsAsm
	/workspace/controllers/database/oraclerestart_controller.go:3636
github.com/oracle/oracle-database-operator/controllers/database.(*OracleRestartReconciler).Reconcile
	/workspace/controllers/database/oraclerestart_controller.go:675
sigs.k8s.io/controller-runtime/pkg/internal/controller.(*Controller[...]).Reconcile
	/workspace/vendor/sigs.k8s.io/controller-runtime/pkg/internal/controller/controller.go:216
sigs.k8s.io/controller-runtime/pkg/internal/controller.(*Controller[...]).reconcileHandler
	/workspace/vendor/sigs.k8s.io/controller-runtime/pkg/internal/controller/controller.go:461
sigs.k8s.io/controller-runtime/pkg/internal/controller.(*Controller[...]).processNextWorkItem
	/workspace/vendor/sigs.k8s.io/controller-runtime/pkg/internal/controller/controller.go:421
sigs.k8s.io/controller-runtime/pkg/internal/controller.(*Controller[...]).Start.func1.1
	/workspace/vendor/sigs.k8s.io/controller-runtime/pkg/internal/controller/controller.go:296
2026-02-16T04:07:41Z	INFO	controllers.OracleRestart	Reconciling ASM DiskGroup status
2026-02-16T04:07:41Z	INFO	controllers.OracleRestart	Oracle Restart Object updated with updateOracleRestartInstStatus
2026-02-16T04:07:41Z	INFO	controllers.OracleRestart	Completed Update of Oracle Restart instance status
2026-02-16T04:07:58Z	INFO	controllers.OracleRestart	Updating Oracle Restart instance status with validateoraclerestartdb	{"Instance": "oraclerestart-sample"}
2026-02-16T04:07:58Z	INFO	controllers.OracleRestart	Updated Oracle Restart instance status with validateoraclerestartdb	{"Instance": "oraclerestart-sample"}
2026-02-16T04:07:58Z	ERROR	Reconciler error	{"controller": "oraclerestart", "controllerGroup": "database.oracle.com", "controllerKind": "OracleRestart", "OracleRestart": {"name":"oraclerestart-sample","namespace":"orestart"}, "namespace": "orestart", "name": "oraclerestart-sample", "reconcileID": "6c4447f5-4554-4c62-97e5-e075082eafe2", "error": "disk '/dev/disk/by-partlabel/asm-disk2' is part of diskgroup 'DATA'"}
sigs.k8s.io/controller-runtime/pkg/internal/controller.(*Controller[...]).reconcileHandler
	/workspace/vendor/sigs.k8s.io/controller-runtime/pkg/internal/controller/controller.go:474
sigs.k8s.io/controller-runtime/pkg/internal/controller.(*Controller[...]).processNextWorkItem
	/workspace/vendor/sigs.k8s.io/controller-runtime/pkg/internal/controller/controller.go:421
sigs.k8s.io/controller-runtime/pkg/internal/controller.(*Controller[...]).Start.func1.1
	/workspace/vendor/sigs.k8s.io/controller-runtime/pkg/internal/controller/controller.go:296
2026-02-16T04:07:58Z	INFO	controllers.OracleRestart	Reconcile requested
2026-02-16T04:07:58Z	INFO	controllers.OracleRestart	Entering reconcile validation
2026-02-16T04:07:58Z	INFO	controllers.OracleRestart	Reconciling ASM DiskGroup status
2026-02-16T04:07:58Z	INFO	controllers.OracleRestart	Validating Disk to remove	{"DiskgroupName": "DATA"}
2026-02-16T04:07:58Z	INFO	controllers.OracleRestart	Completed reconcile validation
2026-02-16T04:07:58Z	INFO	controllers.OracleRestart	Reconciling ASM DiskGroup status
2026-02-16T04:07:58Z	INFO	controllers.OracleRestart	Detected removal of ASM disks	{"removedAsmDisks": ["/dev/disk/by-partlabel/asm-disk2"]}
2026-02-16T04:07:58Z	INFO	controllers.OracleRestart	PV Found	{"Instance.Namespace": "orestart", "Instance.Name": "oraclerestart-sample", "dep.Name": "asm-pv-5bf2e507-oraclerestart-sample", "dgType": "CRSDG"}
2026-02-16T04:07:58Z	INFO	controllers.OracleRestart	PVC Found	{"Instance.Namespace": "orestart", "Instance.Name": "oraclerestart-sample", "dep.Name": "asm-pvc-5bf2e507-oraclerestart-sample", "dgType": "CRSDG"}
2026-02-16T04:07:58Z	INFO	controllers.OracleRestart	Provided ASM Disks are valid, proceeding further
2026-02-16T04:07:58Z	INFO	controllers.OracleRestart	Config Map updated successfully with new asm details
2026-02-16T04:08:00Z	ERROR	controllers.OracleRestart	Failed to remove disk in use	{"oracleRestart.Namespace": "orestart", "oracleRestart.Name": "oraclerestart-sample", "Disk": "/dev/disk/by-partlabel/asm-disk2", "DiskGroup": "DATA"}
github.com/oracle/oracle-database-operator/controllers/database.(*OracleRestartReconciler).createOrReplaceSfsAsm
	/workspace/controllers/database/oraclerestart_controller.go:3636
github.com/oracle/oracle-database-operator/controllers/database.(*OracleRestartReconciler).Reconcile
	/workspace/controllers/database/oraclerestart_controller.go:675
sigs.k8s.io/controller-runtime/pkg/internal/controller.(*Controller[...]).Reconcile
	/workspace/vendor/sigs.k8s.io/controller-runtime/pkg/internal/controller/controller.go:216
sigs.k8s.io/controller-runtime/pkg/internal/controller.(*Controller[...]).reconcileHandler
	/workspace/vendor/sigs.k8s.io/controller-runtime/pkg/internal/controller/controller.go:461
sigs.k8s.io/controller-runtime/pkg/internal/controller.(*Controller[...]).processNextWorkItem
	/workspace/vendor/sigs.k8s.io/controller-runtime/pkg/internal/controller/controller.go:421
sigs.k8s.io/controller-runtime/pkg/internal/controller.(*Controller[...]).Start.func1.1
	/workspace/vendor/sigs.k8s.io/controller-runtime/pkg/internal/controller/controller.go:296
2026-02-16T04:08:10Z	INFO	controllers.OracleRestart	Reconciling ASM DiskGroup status
2026-02-16T04:08:10Z	INFO	controllers.OracleRestart	Oracle Restart Object updated with updateOracleRestartInstStatus
2026-02-16T04:08:10Z	INFO	controllers.OracleRestart	Completed Update of Oracle Restart instance status



### Now, in the meanwhile, when the Operator is waiting, if the disk is dropped at the ASM Level using "ALTER DISKGROUP DROP DISK" command as below, it will be detected by the Operator:

[grid@dbmc1-0 ~]$ export ORACLE_SID=+ASM
[grid@dbmc1-0 ~]$ sqlplus "/ as sysasm"

SQL*Plus: Release 19.0.0.0.0 - Production on Mon Feb 16 04:09:16 2026
Version 19.28.0.0.0

Copyright (c) 1982, 2025, Oracle.  All rights reserved.


Connected to:
Oracle Database 19c Enterprise Edition Release 19.0.0.0.0 - Production
Version 19.28.0.0.0

SQL> set lines 200
SQL> col path format a50
SQL> select group_number, disk_number, name, total_mb, free_mb, path from v$asm_disk;

GROUP_NUMBER DISK_NUMBER NAME				  TOTAL_MB    FREE_MB PATH
------------ ----------- ------------------------------ ---------- ---------- --------------------------------------------------
	   1	       1 DATA_0001			     51196	46592 /dev/disk/by-partlabel/asm-disk2
	   1	       0 DATA_0000			     51196	46572 /dev/disk/by-partlabel/asm-disk1

SQL> ALTER DISKGROUP DATA DROP DISK 'DATA_0001' REBALANCE POWER 10;

Diskgroup altered.

SQL> select EST_MINUTES,EST_WORK,ACTUAL,SOFAR from v$asm_operation;

EST_MINUTES   EST_WORK	   ACTUAL      SOFAR
----------- ---------- ---------- ----------
	  0	     0	       10	   0
	  0	  1148	       10	  10
	  0	     0	       10	   0

SQL> select EST_MINUTES,EST_WORK,ACTUAL,SOFAR from v$asm_operation;

EST_MINUTES   EST_WORK	   ACTUAL      SOFAR
----------- ---------- ---------- ----------
	  0	     0	       10	   0
	  1	  1148	       10	 154
	  0	     0	       10	   0

SQL> select EST_MINUTES,EST_WORK,ACTUAL,SOFAR from v$asm_operation;

EST_MINUTES   EST_WORK	   ACTUAL      SOFAR
----------- ---------- ---------- ----------
	  0	     0	       10	   0
	  1	  1148	       10	 154
	  0	     0	       10	   0

SQL> select EST_MINUTES,EST_WORK,ACTUAL,SOFAR from v$asm_operation;

EST_MINUTES   EST_WORK	   ACTUAL      SOFAR
----------- ---------- ---------- ----------
	  0	     0	       10	   0
	  1	  1148	       10	 374
	  0	     0	       10	   0

EST_MINUTES   EST_WORK	   ACTUAL      SOFAR
----------- ---------- ---------- ----------
	  0	     0	       10	   0
	  0	  1148	       10	1003
	  0	     0	       10	   0

SQL> select EST_MINUTES,EST_WORK,ACTUAL,SOFAR from v$asm_operation;

no rows selected

SQL> select group_number, disk_number, name, total_mb, free_mb, path from v$asm_disk;

GROUP_NUMBER DISK_NUMBER NAME				  TOTAL_MB    FREE_MB PATH
------------ ----------- ------------------------------ ---------- ---------- --------------------------------------------------
	   0	       0					 0	    0 /dev/disk/by-partlabel/asm-disk2
	   1	       0 DATA_0000			     51196	41980 /dev/disk/by-partlabel/asm-disk1

SQL>




### When the Operator detectes the Disk is deleted, it will update the Statefulset as well:

$ kubectl logs -f pod/oracle-database-operator-controller-manager-bc8dd8f68-pwfdk -n oracle-database-operator-system
.
.
2026-02-16T04:13:07Z	INFO	controllers.OracleRestart	Detected removal of ASM disks	{"removedAsmDisks": ["/dev/disk/by-partlabel/asm-disk2"]}
2026-02-16T04:13:07Z	INFO	controllers.OracleRestart	PV Found	{"Instance.Namespace": "orestart", "Instance.Name": "oraclerestart-sample", "dep.Name": "asm-pv-5bf2e507-oraclerestart-sample", "dgType": "CRSDG"}
2026-02-16T04:13:07Z	INFO	controllers.OracleRestart	PVC Found	{"Instance.Namespace": "orestart", "Instance.Name": "oraclerestart-sample", "dep.Name": "asm-pvc-5bf2e507-oraclerestart-sample", "dgType": "CRSDG"}
2026-02-16T04:13:07Z	INFO	controllers.OracleRestart	Provided ASM Disks are valid, proceeding further
2026-02-16T04:13:07Z	INFO	controllers.OracleRestart	Config Map updated successfully with new asm details
2026-02-16T04:13:09Z	INFO	controllers.OracleRestart	Change State to UPDATING
2026-02-16T04:13:09Z	INFO	controllers.OracleRestart	Reconciling ASM DiskGroup status
2026-02-16T04:13:09Z	INFO	controllers.OracleRestart	Oracle Restart Object updated with updateOracleRestartInstStatus
2026-02-16T04:13:09Z	INFO	controllers.OracleRestart	StatefulSet spec differs for volume devices, updating StatefulSet (pods may be recreated)	{"oracleRestart.Namespace": "orestart", "oracleRestart.Name": "oraclerestart-sample", "StatefulSet.Namespace": "orestart", "StatefulSet.Name": "dbmc1"}
2026-02-16T04:13:09Z	INFO	controllers.OracleRestart	StatefulSet update applied, waiting for pod recreation	{"oracleRestart.Namespace": "orestart", "oracleRestart.Name": "oraclerestart-sample", "StatefulSet.Namespace": "orestart", "StatefulSet.Name": "dbmc1"}
2026-02-16T04:13:09Z	INFO	controllers.OracleRestart	Waiting for StatefulSet update to be applied	{"oracleRestart.Namespace": "orestart", "oracleRestart.Name": "oraclerestart-sample", "StatefulSet.Namespace": "orestart", "StatefulSet.Name": "dbmc1"}
2026-02-16T04:13:14Z	INFO	controllers.OracleRestart	StatefulSet update is applied successfully	{"oracleRestart.Namespace": "orestart", "oracleRestart.Name": "oraclerestart-sample", "StatefulSet.Namespace": "orestart", "StatefulSet.Name": "dbmc1"}
2026-02-16T04:16:15Z	INFO	OracleRestart-resource	validate update	{"name": "oraclerestart-sample"}
2026-02-16T04:16:15Z	INFO	OracleRestart-resource	validate create	{"name": "oraclerestart-sample"}
2026-02-16T04:16:15Z	INFO	controllers.OracleRestart	Oracle Restart Object annotations updated with current spec annotation
2026-02-16T04:16:15Z	INFO	controllers.OracleRestart	ONS Running successfully	{"podName": "dbmc1-0"}
2026-02-16T04:16:15Z	INFO	controllers.OracleRestart
2026-02-16T04:16:15Z	INFO	controllers.OracleRestart	Reconcile completed. Requeuing....
2026-02-16T04:16:25Z	INFO	controllers.OracleRestart	Reconciling ASM DiskGroup status
2026-02-16T04:16:25Z	INFO	controllers.OracleRestart	Oracle Restart Object updated with updateOracleRestartInstStatus
2026-02-16T04:16:25Z	INFO	controllers.OracleRestart	Completed Update of Oracle Restart instance status



###############################################################
### During this operation, the "pod/dbmc1-0" will be recreated
###############################################################



### Status after the Disk removed:

$ kubectl describe oraclerestarts.database.oracle.com/oraclerestart-sample -n orestart
Name:         oraclerestart-sample
Namespace:    orestart
Labels:       <none>
Annotations:  OracleRestarts.database.oracle.com/old-spec:
                {"instDetails":{"name":"dbmc1","hostSwLocation":"/scratch/orestart/","workerNode":["10.0.10.58"],"envFile":"dbmc1oraclerestart-sample-cmap...
API Version:  database.oracle.com/v4
Kind:         OracleRestart
Metadata:
  Creation Timestamp:  2026-02-16T03:29:37Z
  Finalizers:
    database.oracle.com/oraclerestartfinalizer
  Generation:        2
  Resource Version:  301960613
  UID:               e364c9e4-0fa8-480e-acbc-4d84262eba1d
Spec:
  Asm Disk Group Details:
    Disks:
      /dev/disk/by-partlabel/asm-disk1
    Name:        DATA
    Redundancy:  EXTERNAL
    Type:        CRSDG
  Config Params:
    Cpu Count:    4
    Db Base:      /u01/app/oracle
    Db Char Set:  AL32UTF8
    Db Home:      /u01/app/oracle/product/19c/dbhome_1
    Db Name:      PORCLCDB
    Db Response File:
    Db Sw Zip File:  db_home.zip
    Grid Base:       /u01/app/grid
    Grid Home:       /u01/app/19c/grid
    Grid Response File:
    Grid Sw Zip File:        grid_home.zip
    Host Sw Stage Location:  /scratch/software/stage
    Inventory:               /u01/app/oraInventory
    Pga Size:                4G
    Processes:               2000
    Sga Size:                8G
    Sw Mount Location:       /u01
  Db Secret:
    Key File Mount Location:  /mnt/.dbsecrets
    Key File Name:            key.pem
    Name:                     db-user-pass-pkutl
    Pwd File Mount Location:  /mnt/.dbsecrets
    Pwd File Name:            pwdfile.enc
  Enable Ons:                 enable
  Image:                      dbocir/oracle/database-orestart:19.3.0-slim
  Image Pull Policy:          IfNotPresent
  Inst Details:
    Host Sw Location:  /scratch/orestart/
    Name:              dbmc1
    Worker Node:
      10.0.10.58
  Lb Service:
  Node Port Svc:
    Name:  dbmc1-service-nodeport
    Port Mappings:
      Node Port:    30007
      Port:         1521
      Protocol:     TCP
      Target Port:  1521
      Node Port:    30200
      Port:         6200
      Protocol:     TCP
      Target Port:  6200
    Svc Type:       nodeport
  Resources:
    Limits:
      Cpu:     4
      Memory:  16Gi
    Requests:
      Cpu:     4
      Memory:  16Gi
  Service Details:
    Name:  soepdb
  Ssh Key Secret:
    Key Mount Location:    /mnt/.ssh
    Name:                  ssh-key-secret
    Priv Key Secret Name:  ssh-privkey
    Pub Key Secret Name:   ssh-pubkey
Status:
  Oracle Restart Nodes:
    Name:  dbmc1-0
    Node Details:
      Instance State:  OPEN
      Pod State:       AVAILABLE
      Cluster State:   HEALTHY
      Mounted Devices:
        /dev/disk/by-partlabel/asm-disk1
      State:  AVAILABLE
  Asm Disk Groups:
    Disks:
      Name:        /dev/disk/by-partlabel/asm-disk1
      Size In Gb:  49
      Valid:       true
    Name:          DATA
    Redundancy:    EXTERN
    Type:          CRSDG
  Conditions:
    Last Transition Time:  2026-02-16T03:29:53Z
    Message:               reconcile has been queued
    Observed Generation:   1
    Reason:                LastReconcileCycleQueued
    Status:                True
    Type:                  ReconcileQueued
  Config Params:
    Db Base:  /u01/app/oracle
    Db Home:  /u01/app/oracle/product/19c/dbhome_1
    Db Name:  PORCLCDB
    Db Response File:
    Grid Base:  /u01/app/grid
    Grid Home:  /u01/app/19c/grid
    Grid Response File:
    Inventory:     /u01/app/oraInventory
  Connect String:  dbmc1-0:1521/PORCLCDB
  Db Secret:
    Key File Mount Location:  /mnt/.dbsecrets
    Key File Name:            key.pem
    Name:                     db-user-pass-pkutl
    Pwd File Mount Location:  /mnt/.dbsecrets
    Pwd File Name:            pwdfile.enc
  Db State:                   OPEN
  External Connect String:    129.146.0.149:30007/soepdb
  Pdb Connect String:         dbmc1-0:1521/ORCLPDB
  Release Update:             19.28.0.0.0
  Resources:
    Limits:
      Cpu:     4
      Memory:  16Gi
    Requests:
      Cpu:     4
      Memory:  16Gi
  Role:        PRIMARY
  Security Context:
    Sysctls:
      Name:   kernel.shmmax
      Value:  9663676416
      Name:   kernel.shmall
      Value:  2359296
      Name:   kernel.sem
      Value:  250 32000 100 128
      Name:   kernel.shmmni
      Value:  4096
  Service Details:
    Name:       soepdb
    Svc State:  service soepdb is running
  State:        AVAILABLE
Events:         <none>



[grid@dbmc1-0 ~]$ export ORACLE_SID=+ASM
[grid@dbmc1-0 ~]$ asmcmd lsdsk
Path
/dev/disk/by-partlabel/asm-disk1

[grid@dbmc1-0 ~]$ ls -lrt /dev/disk/by-partlabel/asm-disk*
brw-rw----. 1 grid asmadmin 8, 33 Feb 16 04:17 /dev/disk/by-partlabel/asm-disk1