$ kubectl describe oraclerestarts.database.oracle.com/oraclerestart-sample -n orestart
Name:         oraclerestart-sample
Namespace:    orestart
Labels:       <none>
Annotations:  OracleRestarts.database.oracle.com/old-spec:
                {"instDetails":{"name":"dbmc1","swLocStorageSizeInGb":300,"workerNode":["10.0.10.58"]},"configParams":{"cpuCount":4,"sgaSize":"8G","pgaSiz...
API Version:  database.oracle.com/v4
Kind:         OracleRestart
Metadata:
  Creation Timestamp:  2026-02-13T19:32:07Z
  Finalizers:
    database.oracle.com/oraclerestartfinalizer
  Generation:        1
  Resource Version:  300981056
  UID:               99fad0a3-4390-43d0-9238-c5bffc13624a
Spec:
  Asm Disk Group Details:
    Disks:
      /dev/asm-disk1
      /dev/asm-disk2
    Name:        CRSDATA
    Redundancy:  EXTERNAL
    Type:        CRSDG
    Disks:
      /dev/asm-disk3
      /dev/asm-disk4
      /dev/asm-disk5
      /dev/asm-disk6
    Name:        DATA
    Redundancy:  NORMAL
    Type:        DBDATAFILESDG
    Disks:
      /dev/asm-disk7
      /dev/asm-disk8
    Name:        RECO
    Redundancy:  EXTERNAL
    Type:        DBRECOVERY
    Disks:
      /dev/asm-disk9
      /dev/asm-disk10
    Name:                  REDO
    Redundancy:            EXTERNAL
    Type:                  DBREDO
  Asm Storage Size In Gb:  50
  Config Params:
    Cpu Count:    4
    Db Base:      /u01/app/oracle
    Db Char Set:  AL32UTF8
    Db Home:      /u01/app/oracle/product/19c/dbhome_1
    Db Name:      PORCLCDB
    Db Response File:
    Db Sw Zip File:  db_home.zip
    Grid Base:       /u01/app/grid
    Grid Home:       /u01/app/19c/grid
    Grid Response File:
    Grid Sw Zip File:        grid_home.zip
    Host Sw Stage Location:  /scratch/software/stage
    Inventory:               /u01/app/oraInventory
    Pdb Name:                TESTPDB
    Pga Size:                4G
    Processes:               2000
    Sga Size:                8G
    Sw Mount Location:       /u01
  Crs Dg Storage Class:      oci-bv
  Data Dg Storage Class:     oci-bv
  Db Secret:
    Key File Mount Location:  /mnt/.dbsecrets
    Key File Name:            key.pem
    Name:                     db-user-pass-pkutl
    Pwd File Mount Location:  /mnt/.dbsecrets
    Pwd File Name:            pwdfile.enc
  Enable Ons:                 enable
  Image:                      dbocir/oracle/database-orestart:19.3.0-slim
  Image Pull Policy:          IfNotPresent
  Inst Details:
    Name:                       dbmc1
    Sw Loc Storage Size In Gb:  300
    Worker Node:
      10.0.10.58
  Lb Service:
  Node Port Svc:
    Name:  dbmc1-service-nodeport
    Port Mappings:
      Node Port:          30007
      Port:               1521
      Protocol:           TCP
      Target Port:        1521
      Node Port:          30200
      Port:               6200
      Protocol:           TCP
      Target Port:        6200
    Svc Type:             nodeport
  Reco Dg Storage Class:  oci-bv
  Redo Dg Storage Class:  oci-bv
  Resources:
    Limits:
      Cpu:     4
      Memory:  16Gi
    Requests:
      Cpu:     4
      Memory:  16Gi
  Service Details:
    Name:  soepdb
  Ssh Key Secret:
    Key Mount Location:    /mnt/.ssh
    Name:                  ssh-key-secret
    Priv Key Secret Name:  ssh-privkey
    Pub Key Secret Name:   ssh-pubkey
  Sw Dg Storage Class:     oci-bv
Status:
  Oracle Restart Nodes:
    Name:  dbmc1-0
    Node Details:
      Instance State:  OPEN
      Pod State:       AVAILABLE
      Cluster State:   HEALTHY
      Mounted Devices:
        /dev/asm-disk1
        /dev/asm-disk2
        /dev/asm-disk3
        /dev/asm-disk4
        /dev/asm-disk5
        /dev/asm-disk6
        /dev/asm-disk7
        /dev/asm-disk8
        /dev/asm-disk9
        /dev/asm-disk10
      State:  AVAILABLE
  Asm Disk Groups:
    Disks:
      Name:        /dev/asm-disk1
      Size In Gb:  50
      Valid:       true
      Name:        /dev/asm-disk10
      Size In Gb:  50
      Valid:       true
      Name:        /dev/asm-disk2
      Size In Gb:  50
      Valid:       true
      Name:        /dev/asm-disk3
      Size In Gb:  50
      Valid:       true
      Name:        /dev/asm-disk4
      Size In Gb:  50
      Valid:       true
      Name:        /dev/asm-disk5
      Size In Gb:  50
      Valid:       true
      Name:        /dev/asm-disk6
      Size In Gb:  50
      Valid:       true
      Name:        /dev/asm-disk7
      Size In Gb:  50
      Valid:       true
      Name:        /dev/asm-disk8
      Size In Gb:  50
      Valid:       true
      Name:        /dev/asm-disk9
      Size In Gb:  50
      Valid:       true
    Name:          CRSDATA
    Type:          CRSDG
  Conditions:
    Last Transition Time:  2026-02-13T19:32:07Z
    Message:               reconcile completed successfully
    Observed Generation:   1
    Reason:                LastReconcileCycleCompleted
    Status:                True
    Type:                  ReconcileComplete
    Last Transition Time:  2026-02-13T19:46:46Z
    Message:               reconcile has been queued
    Observed Generation:   1
    Reason:                LastReconcileCycleQueued
    Status:                True
    Type:                  ReconcileQueued
    Last Transition Time:  2026-02-13T21:51:50Z
    Message:               cannot get ASM disks to remove: required disk is part of the disk group CRSDATA and cannot be removed. Review it manually
    Observed Generation:   1
    Reason:                LastReconcileCycleFailed
    Status:                True
    Type:                  ReconcileError
  Config Params:
    Db Base:  /u01/app/oracle
    Db Home:  /u01/app/oracle/product/19c/dbhome_1
    Db Name:  PORCLCDB
    Db Response File:
    Grid Base:  /u01/app/grid
    Grid Home:  /u01/app/19c/grid
    Grid Response File:
    Inventory:     /u01/app/oraInventory
  Connect String:  dbmc1-0:1521/PORCLCDB
  Db Secret:
    Key File Mount Location:  /mnt/.dbsecrets
    Key File Name:            key.pem
    Name:                     db-user-pass-pkutl
    Pwd File Mount Location:  /mnt/.dbsecrets
    Pwd File Name:            pwdfile.enc
  Db State:                   OPEN
  External Connect String:    129.146.0.149:30007/soepdb
  Pdb Connect String:         dbmc1-0:1521/ORCLPDB
  Release Update:             19.28.0.0.0
  Resources:
    Limits:
      Cpu:     4
      Memory:  16Gi
    Requests:
      Cpu:     4
      Memory:  16Gi
  Role:        PRIMARY
  Security Context:
    Sysctls:
      Name:   kernel.shmmax
      Value:  9663676416
      Name:   kernel.shmall
      Value:  2359296
      Name:   kernel.sem
      Value:  250 32000 100 128
      Name:   kernel.shmmni
      Value:  4096
  Service Details:
    Name:       soepdb
    Svc State:  service soepdb is running
  State:        AVAILABLE
Events:         <none>





[grid@dbmc1-0 ~]$ ls -rlt /dev/asm-disk*
brw-rw----. 1 grid asmadmin  8, 192 Feb 13 19:41 /dev/asm-disk2
brw-rw----. 1 grid asmadmin  8, 208 Feb 13 20:28 /dev/asm-disk8
brw-rw----. 1 grid asmadmin 65,  48 Feb 13 21:50 /dev/asm-disk6
brw-rw----. 1 grid asmadmin  8, 240 Feb 13 21:52 /dev/asm-disk10
brw-rw----. 1 grid asmadmin 65,  64 Feb 13 21:53 /dev/asm-disk1
brw-rw----. 1 grid asmadmin 65,  16 Feb 13 21:53 /dev/asm-disk9
brw-rw----. 1 grid asmadmin 65,   0 Feb 13 21:53 /dev/asm-disk7
brw-rw----. 1 grid asmadmin 65,  80 Feb 13 21:53 /dev/asm-disk5
brw-rw----. 1 grid asmadmin 65,  32 Feb 13 21:53 /dev/asm-disk4
brw-rw----. 1 grid asmadmin 65,  96 Feb 13 21:53 /dev/asm-disk3
[grid@dbmc1-0 ~]$ export ORACLE_SID=+ASM
[grid@dbmc1-0 ~]$ asmcmd lsdg
State    Type    Rebal  Sector  Logical_Sector  Block       AU  Total_MB  Free_MB  Req_mir_free_MB  Usable_file_MB  Offline_disks  Voting_files  Name
MOUNTED  EXTERN  N         512             512   4096  4194304    102400   102284                0          102284              0             N  CRSDATA/
MOUNTED  NORMAL  N         512             512   4096  1048576    204800   192613            51200           70706              0             N  DATA/
MOUNTED  EXTERN  N         512             512   4096  1048576    102400   102314                0          102314              0             N  RECO/
MOUNTED  EXTERN  N         512             512   4096  1048576    102400    99230                0           99230              0             N  REDO/
[grid@dbmc1-0 ~]$
[grid@dbmc1-0 ~]$ asmcmd lsdsk
Path
/dev/asm-disk1
/dev/asm-disk10
/dev/asm-disk2
/dev/asm-disk3
/dev/asm-disk4
/dev/asm-disk5
/dev/asm-disk6
/dev/asm-disk7
/dev/asm-disk8
/dev/asm-disk9
[grid@dbmc1-0 ~]$
[grid@dbmc1-0 ~]$
[grid@dbmc1-0 ~]$ sqlplus "/ as sysdba"

SQL*Plus: Release 19.0.0.0.0 - Production on Fri Feb 13 21:53:59 2026
Version 19.28.0.0.0

Copyright (c) 1982, 2025, Oracle.  All rights reserved.


Connected to:
Oracle Database 19c Enterprise Edition Release 19.0.0.0.0 - Production
Version 19.28.0.0.0

SQL> set lines 200
SQL> col DISKGROUP_NAME format a20
SQL> col PATH format a50
SQL> SELECT
    dg.NAME AS DISKGROUP_NAME,
    d.PATH,
    d.MOUNT_STATUS,
    d.HEADER_STATUS,
    d.STATE,
    d.TOTAL_MB,
    d.FREE_MB
FROM
    V$ASM_DISK d
JOIN
    V$ASM_DISKGROUP dg ON d.GROUP_NUMBER = dg.GROUP_NUMBER
ORDER BY
    dg.NAME, d.DISK_NUMBER;  2    3    4    5    6    7    8    9   10   11   12   13   14

DISKGROUP_NAME	     PATH						MOUNT_S HEADER_STATU STATE	TOTAL_MB    FREE_MB
-------------------- -------------------------------------------------- ------- ------------ -------- ---------- ----------
CRSDATA 	     /dev/asm-disk1					CACHED	MEMBER	     NORMAL	   51200      51144
CRSDATA 	     /dev/asm-disk2					CACHED	MEMBER	     NORMAL	   51200      51140
DATA		     /dev/asm-disk3					CACHED	MEMBER	     NORMAL	   51200      48158
DATA		     /dev/asm-disk4					CACHED	MEMBER	     NORMAL	   51200      48155
DATA		     /dev/asm-disk5					CACHED	MEMBER	     NORMAL	   51200      48146
DATA		     /dev/asm-disk6					CACHED	MEMBER	     NORMAL	   51200      48154
RECO		     /dev/asm-disk7					CACHED	MEMBER	     NORMAL	   51200      51157
RECO		     /dev/asm-disk8					CACHED	MEMBER	     NORMAL	   51200      51157
REDO		     /dev/asm-disk9					CACHED	MEMBER	     NORMAL	   51200      49617
REDO		     /dev/asm-disk10					CACHED	MEMBER	     NORMAL	   51200      49613

10 rows selected.

SQL> exit





[oracle@dbmc1-0 ~]$ export ORACLE_SID=PORCLCDB
[oracle@dbmc1-0 ~]$ sqlplus "/ as sysdba"

SQL*Plus: Release 19.0.0.0.0 - Production on Fri Feb 13 21:55:04 2026
Version 19.28.0.0.0

Copyright (c) 1982, 2025, Oracle.  All rights reserved.


Connected to:
Oracle Database 19c Enterprise Edition Release 19.0.0.0.0 - Production
Version 19.28.0.0.0

SQL> show pdbs

    CON_ID CON_NAME			  OPEN MODE  RESTRICTED
---------- ------------------------------ ---------- ----------
	 2 PDB$SEED			  READ ONLY  NO
	 3 TESTPDB			  READ WRITE NO
SQL> show parameter DB_CREATE_ONLINE_LOG_DEST_1

NAME				     TYPE	 VALUE
------------------------------------ ----------- ------------------------------
db_create_online_log_dest_1	     string	 +REDO
SQL>
SQL>
SQL> show parameter db_create_file_dest

NAME				     TYPE	 VALUE
------------------------------------ ----------- ------------------------------
db_create_file_dest		     string	 +DATA
SQL>
SQL>
SQL>
SQL> show parameter db_recovery_file_dest

NAME				     TYPE	 VALUE
------------------------------------ ----------- ------------------------------
db_recovery_file_dest		     string	 +RECO
db_recovery_file_dest_size	     big integer 20148M
SQL>
SQL>
